Archive member included to satisfy reference by file (symbol)

C:/Users/62526/.eide/tools/gcc_arm/bin/../lib/gcc/arm-none-eabi/14.3.1/../../../../arm-none-eabi/lib/thumb/v7-m/nofp\libc_nano.a(libc_a-exit.o)
                              C:/Users/62526/.eide/tools/gcc_arm/bin/../lib/gcc/arm-none-eabi/14.3.1/../../../../arm-none-eabi/lib/thumb/v7-m/nofp/crt0.o (exit)
C:/Users/62526/.eide/tools/gcc_arm/bin/../lib/gcc/arm-none-eabi/14.3.1/../../../../arm-none-eabi/lib/thumb/v7-m/nofp\libc_nano.a(libc_a-findfp.o)
                              C:/Users/62526/.eide/tools/gcc_arm/bin/../lib/gcc/arm-none-eabi/14.3.1/../../../../arm-none-eabi/lib/thumb/v7-m/nofp\libc_nano.a(libc_a-exit.o) (__stdio_exit_handler)
C:/Users/62526/.eide/tools/gcc_arm/bin/../lib/gcc/arm-none-eabi/14.3.1/../../../../arm-none-eabi/lib/thumb/v7-m/nofp\libc_nano.a(libc_a-fwalk.o)
                              C:/Users/62526/.eide/tools/gcc_arm/bin/../lib/gcc/arm-none-eabi/14.3.1/../../../../arm-none-eabi/lib/thumb/v7-m/nofp\libc_nano.a(libc_a-findfp.o) (_fwalk_sglue)
C:/Users/62526/.eide/tools/gcc_arm/bin/../lib/gcc/arm-none-eabi/14.3.1/../../../../arm-none-eabi/lib/thumb/v7-m/nofp\libc_nano.a(libc_a-printf.o)
                              ./build/Debug/.obj/src/LMK04832_Master/LMK04832_Drv.o (printf)
C:/Users/62526/.eide/tools/gcc_arm/bin/../lib/gcc/arm-none-eabi/14.3.1/../../../../arm-none-eabi/lib/thumb/v7-m/nofp\libc_nano.a(libc_a-puts.o)
                              ./build/Debug/.obj/src/LMK04832_Master/uart.o (puts)
C:/Users/62526/.eide/tools/gcc_arm/bin/../lib/gcc/arm-none-eabi/14.3.1/../../../../arm-none-eabi/lib/thumb/v7-m/nofp\libc_nano.a(libc_a-stdio.o)
                              C:/Users/62526/.eide/tools/gcc_arm/bin/../lib/gcc/arm-none-eabi/14.3.1/../../../../arm-none-eabi/lib/thumb/v7-m/nofp\libc_nano.a(libc_a-findfp.o) (__sread)
C:/Users/62526/.eide/tools/gcc_arm/bin/../lib/gcc/arm-none-eabi/14.3.1/../../../../arm-none-eabi/lib/thumb/v7-m/nofp\libc_nano.a(libc_a-wbuf.o)
                              C:/Users/62526/.eide/tools/gcc_arm/bin/../lib/gcc/arm-none-eabi/14.3.1/../../../../arm-none-eabi/lib/thumb/v7-m/nofp\libc_nano.a(libc_a-puts.o) (__swbuf_r)
C:/Users/62526/.eide/tools/gcc_arm/bin/../lib/gcc/arm-none-eabi/14.3.1/../../../../arm-none-eabi/lib/thumb/v7-m/nofp\libc_nano.a(libc_a-wsetup.o)
                              C:/Users/62526/.eide/tools/gcc_arm/bin/../lib/gcc/arm-none-eabi/14.3.1/../../../../arm-none-eabi/lib/thumb/v7-m/nofp\libc_nano.a(libc_a-puts.o) (__swsetup_r)
C:/Users/62526/.eide/tools/gcc_arm/bin/../lib/gcc/arm-none-eabi/14.3.1/../../../../arm-none-eabi/lib/thumb/v7-m/nofp\libc_nano.a(libc_a-memset.o)
                              C:/Users/62526/.eide/tools/gcc_arm/bin/../lib/gcc/arm-none-eabi/14.3.1/../../../../arm-none-eabi/lib/thumb/v7-m/nofp/crt0.o (memset)
C:/Users/62526/.eide/tools/gcc_arm/bin/../lib/gcc/arm-none-eabi/14.3.1/../../../../arm-none-eabi/lib/thumb/v7-m/nofp\libc_nano.a(libc_a-closer.o)
                              C:/Users/62526/.eide/tools/gcc_arm/bin/../lib/gcc/arm-none-eabi/14.3.1/../../../../arm-none-eabi/lib/thumb/v7-m/nofp\libc_nano.a(libc_a-stdio.o) (_close_r)
C:/Users/62526/.eide/tools/gcc_arm/bin/../lib/gcc/arm-none-eabi/14.3.1/../../../../arm-none-eabi/lib/thumb/v7-m/nofp\libc_nano.a(libc_a-reent.o)
                              C:/Users/62526/.eide/tools/gcc_arm/bin/../lib/gcc/arm-none-eabi/14.3.1/../../../../arm-none-eabi/lib/thumb/v7-m/nofp\libc_nano.a(libc_a-closer.o) (errno)
C:/Users/62526/.eide/tools/gcc_arm/bin/../lib/gcc/arm-none-eabi/14.3.1/../../../../arm-none-eabi/lib/thumb/v7-m/nofp\libc_nano.a(libc_a-impure.o)
                              C:/Users/62526/.eide/tools/gcc_arm/bin/../lib/gcc/arm-none-eabi/14.3.1/../../../../arm-none-eabi/lib/thumb/v7-m/nofp\libc_nano.a(libc_a-printf.o) (_impure_ptr)
C:/Users/62526/.eide/tools/gcc_arm/bin/../lib/gcc/arm-none-eabi/14.3.1/../../../../arm-none-eabi/lib/thumb/v7-m/nofp\libc_nano.a(libc_a-lseekr.o)
                              C:/Users/62526/.eide/tools/gcc_arm/bin/../lib/gcc/arm-none-eabi/14.3.1/../../../../arm-none-eabi/lib/thumb/v7-m/nofp\libc_nano.a(libc_a-stdio.o) (_lseek_r)
C:/Users/62526/.eide/tools/gcc_arm/bin/../lib/gcc/arm-none-eabi/14.3.1/../../../../arm-none-eabi/lib/thumb/v7-m/nofp\libc_nano.a(libc_a-readr.o)
                              C:/Users/62526/.eide/tools/gcc_arm/bin/../lib/gcc/arm-none-eabi/14.3.1/../../../../arm-none-eabi/lib/thumb/v7-m/nofp\libc_nano.a(libc_a-stdio.o) (_read_r)
C:/Users/62526/.eide/tools/gcc_arm/bin/../lib/gcc/arm-none-eabi/14.3.1/../../../../arm-none-eabi/lib/thumb/v7-m/nofp\libc_nano.a(libc_a-writer.o)
                              C:/Users/62526/.eide/tools/gcc_arm/bin/../lib/gcc/arm-none-eabi/14.3.1/../../../../arm-none-eabi/lib/thumb/v7-m/nofp\libc_nano.a(libc_a-stdio.o) (_write_r)
C:/Users/62526/.eide/tools/gcc_arm/bin/../lib/gcc/arm-none-eabi/14.3.1/../../../../arm-none-eabi/lib/thumb/v7-m/nofp\libc_nano.a(libc_a-init.o)
[...]
Memory Configuration

Name             Origin             Length             Attributes
FLASH            0x08000000         0x00020000         xr
RAM              0x20000000         0x00005000         xrw
MEMORY_B1        0x60000000         0x00000000         xr
*default*        0x00000000         0xffffffff

Linker script and memory map

LOAD C:/Users/62526/.eide/tools/gcc_arm/bin/../lib/gcc/arm-none-eabi/14.3.1/thumb/v7-m/nofp/crti.o
LOAD C:/Users/62526/.eide/tools/gcc_arm/bin/../lib/gcc/arm-none-eabi/14.3.1/thumb/v7-m/nofp/crtbegin.o
LOAD C:/Users/62526/.eide/tools/gcc_arm/bin/../lib/gcc/arm-none-eabi/14.3.1/../../../../arm-none-eabi/lib/thumb/v7-m/nofp/crt0.o
LOAD ./build/Debug/.obj/hal/STM32F10x_StdPeriph_Driver/src/misc.o
LOAD ./build/Debug/.obj/hal/STM32F10x_StdPeriph_Driver/src/stm32f10x_adc.o
LOAD ./build/Debug/.obj/hal/STM32F10x_StdPeriph_Driver/src/stm32f10x_exti.o
LOAD ./build/Debug/.obj/hal/STM32F10x_StdPeriph_Driver/src/stm32f10x_flash.o
LOAD ./build/Debug/.obj/hal/STM32F10x_StdPeriph_Driver/src/stm32f10x_gpio.o
LOAD ./build/Debug/.obj/hal/STM32F10x_StdPeriph_Driver/src/stm32f10x_rcc.o
LOAD ./build/Debug/.obj/hal/STM32F10x_StdPeriph_Driver/src/stm32f10x_spi.o
LOAD ./build/Debug/.obj/hal/STM32F10x_StdPeriph_Driver/src/stm32f10x_tim.o
LOAD ./build/Debug/.obj/hal/STM32F10x_StdPeriph_Driver/src/stm32f10x_usart.o
LOAD ./build/Debug/.obj/hal/STM32F10x_StdPeriph_Driver/system_stm32f10x.o
LOAD ./build/Debug/.obj/src/LMK04832_Master/LMK04832_Drv.o
LOAD ./build/Debug/.obj/src/LMK04832_Master/init_regmap.o
LOAD ./build/Debug/.obj/src/LMK04832_Master/init_regmap_pll1only.o
LOAD ./build/Debug/.obj/src/LMK04832_Master/init_regmap_v2.o
LOAD ./build/Debug/.obj/src/LMK04832_Master/init_regmap_v4.o
LOAD ./build/Debug/.obj/src/LMK04832_Master/uart.o
LOAD ./build/Debug/.obj/src/delay.o
LOAD ./build/Debug/.obj/src/main.o
LOAD ./build/Debug/.obj/src/startup_stm32f10x_md.o
LOAD ./build/Debug/.obj/src/stm32f10x_it.o
LOAD C:/Users/62526/.eide/tools/gcc_arm/bin/../lib/gcc/arm-none-eabi/14.3.1/../../../../arm-none-eabi/lib/thumb/v7-m/nofp\libm.a
START GROUP
LOAD C:/Users/62526/.eide/tools/gcc_arm/bin/../lib/gcc/arm-none-eabi/14.3.1/thumb/v7-m/nofp\libgcc.a
LOAD C:/Users/62526/.eide/tools/gcc_arm/bin/../lib/gcc/arm-none-eabi/14.3.1/../../../../arm-none-eabi/lib/thumb/v7-m/nofp\libc_nano.a
END GROUP
START GROUP
LOAD C:/Users/62526/.eide/tools/gcc_arm/bin/../lib/gcc/arm-none-eabi/14.3.1/thumb/v7-m/nofp\libgcc.a
LOAD C:/Users/62526/.eide/tools/gcc_arm/bin/../lib/gcc/arm-none-eabi/14.3.1/../../../../arm-none-eabi/lib/thumb/v7-m/nofp\libc_nano.a
LOAD C:/Users/62526/.eide/tools/gcc_arm/bin/../lib/gcc/arm-none-eabi/14.3.1/../../../../arm-none-eabi/lib/thumb/v7-m/nofp\libnosys.a
END GROUP
START GROUP
LOAD C:/Users/62526/.eide/tools/gcc_arm/bin/../lib/gcc/arm-none-eabi/14.3.1/thumb/v7-m/nofp\libgcc.a
LOAD C:/Users/62526/.eide/tools/gcc_arm/bin/../lib/gcc/arm-none-eabi/14.3.1/../../../../arm-none-eabi/lib/thumb/v7-m/nofp\libc_nano.a
LOAD C:/Users/62526/.eide/tools/gcc_arm/bin/../lib/gcc/arm-none-eabi/14.3.1/../../../../arm-none-eabi/lib/thumb/v7-m/nofp\libnosys.a
END GROUP
LOAD C:/Users/62526/.eide/tools/gcc_arm/bin/../lib/gcc/arm-none-eabi/14.3.1/thumb/v7-m/nofp/crtend.o
LOAD C:/Users/62526/.eide/tools/gcc_arm/bin/../lib/gcc/arm-none-eabi/14.3.1/thumb/v7-m/nofp/crtn.o
                0x20005000                        _estack = 0x20005000
                0x00000000                        _Min_Heap_Size = 0x0
                0x00000100                        _Min_Stack_Size = 0x100

.isr_vector     0x08000000      0x10c
                0x08000000                        . = ALIGN (0x4)
 *(.isr_vector)
 .isr_vector    0x08000000      0x10c ./build/Debug/.obj/src/startup_stm32f10x_md.o
                0x08000000                g_pfnVectors
                0x0800010c                        . = ALIGN (0x4)

.eh_frame       0x0800010c        0x0
 .eh_frame      0x0800010c        0x0 C:/Users/62526/.eide/tools/gcc_arm/bin/../lib/gcc/arm-none-eabi/14.3.1/thumb/v7-m/nofp/crtbegin.o

.text           0x0800010c     0x2180
                0x0800010c                        . = ALIGN (0x4)
 *(.text)
 *(.text*)
 .text.deregister_tm_clones
                0x0800010c       0x1c C:/Users/62526/.eide/tools/gcc_arm/bin/../lib/gcc/arm-none-eabi/14.3.1/thumb/v7-m/nofp/crtbegin.o
 .text.register_tm_clones
                0x08000128       0x24 C:/Users/62526/.eide/tools/gcc_arm/bin/../lib/gcc/arm-none-eabi/14.3.1/thumb/v7-m/nofp/crtbegin.o
 .text.__do_global_dtors_aux
                0x0800014c       0x28 C:/Users/62526/.eide/tools/gcc_arm/bin/../lib/gcc/arm-none-eabi/14.3.1/thumb/v7-m/nofp/crtbegin.o
 .text.frame_dummy
                0x08000174       0x24 C:/Users/62526/.eide/tools/gcc_arm/bin/../lib/gcc/arm-none-eabi/14.3.1/thumb/v7-m/nofp/crtbegin.o
 .text.FLASH_SetLatency
                0x08000198       0x14 ./build/Debug/.obj/hal/STM32F10x_StdPeriph_Driver/src/stm32f10x_flash.o
                0x08000198                FLASH_SetLatency
 .text.FLASH_PrefetchBufferCmd
                0x080001ac       0x18 ./build/Debug/.obj/hal/STM32F10x_StdPeriph_Driver/src/stm32f10x_flash.o
                0x080001ac                FLASH_PrefetchBufferCmd
 .text.GPIO_Init
                0x080001c4       0xb2 ./build/Debug/.obj/hal/STM32F10x_StdPeriph_Driver/src/stm32f10x_gpio.o
                0x080001c4                GPIO_Init
 .text.GPIO_ReadInputDataBit
                0x08000276        0xe ./build/Debug/.obj/hal/STM32F10x_StdPeriph_Driver/src/stm32f10x_gpio.o
                0x08000276                GPIO_ReadInputDataBit
 .text.GPIO_WriteBit
                0x08000284        0xa ./build/Debug/.obj/hal/STM32F10x_StdPeriph_Driver/src/stm32f10x_gpio.o
                0x08000284                GPIO_WriteBit
 *fill*         0x0800028e        0x2 
 .text.GPIO_PinRemapConfig
                0x08000290       0x7c ./build/Debug/.obj/hal/STM32F10x_StdPeriph_Driver/src/stm32f10x_gpio.o
                0x08000290                GPIO_PinRemapConfig
 .text.RCC_DeInit
                0x0800030c       0x40 ./build/Debug/.obj/hal/STM32F10x_StdPeriph_Driver/src/stm32f10x_rcc.o
                0x0800030c                RCC_DeInit
 .text.RCC_HSICmd
                0x0800034c        0xc ./build/Debug/.obj/hal/STM32F10x_StdPeriph_Driver/src/stm32f10x_rcc.o
                0x0800034c                RCC_HSICmd
 .text.RCC_PLLConfig
                0x08000358       0x14 ./build/Debug/.obj/hal/STM32F10x_StdPeriph_Driver/src/stm32f10x_rcc.o
                0x08000358                RCC_PLLConfig
 .text.RCC_PLLCmd
                0x0800036c        0xc ./build/Debug/.obj/hal/STM32F10x_StdPeriph_Driver/src/stm32f10x_rcc.o
                0x0800036c                RCC_PLLCmd
 .text.RCC_SYSCLKConfig
                0x08000378       0x14 ./build/Debug/.obj/hal/STM32F10x_StdPeriph_Driver/src/stm32f10x_rcc.o
                0x08000378                RCC_SYSCLKConfig
 .text.RCC_GetSYSCLKSource
                0x0800038c       0x10 ./build/Debug/.obj/hal/STM32F10x_StdPeriph_Driver/src/stm32f10x_rcc.o
                0x0800038c                RCC_GetSYSCLKSource
 .text.RCC_HCLKConfig
                0x0800039c       0x14 ./build/Debug/.obj/hal/STM32F10x_StdPeriph_Driver/src/stm32f10x_rcc.o
                0x0800039c                RCC_HCLKConfig
 .text.RCC_PCLK1Config
                0x080003b0       0x14 ./build/Debug/.obj/hal/STM32F10x_StdPeriph_Driver/src/stm32f10x_rcc.o
                0x080003b0                RCC_PCLK1Config
 .text.RCC_PCLK2Config
                0x080003c4       0x14 ./build/Debug/.obj/hal/STM32F10x_StdPeriph_Driver/src/stm32f10x_rcc.o
                0x080003c4                RCC_PCLK2Config
 .text.RCC_GetClocksFreq
                0x080003d8       0xbc ./build/Debug/.obj/hal/STM32F10x_StdPeriph_Driver/src/stm32f10x_rcc.o
                0x080003d8                RCC_GetClocksFreq
 .text.RCC_APB2PeriphClockCmd
                0x08000494       0x1c ./build/Debug/.obj/hal/STM32F10x_StdPeriph_Driver/src/stm32f10x_rcc.o
                0x08000494                RCC_APB2PeriphClockCmd
 .text.RCC_GetFlagStatus
                0x080004b0       0x34 ./build/Debug/.obj/hal/STM32F10x_StdPeriph_Driver/src/stm32f10x_rcc.o
                0x080004b0                RCC_GetFlagStatus
 .text.SPI_Init
                0x080004e4       0x4e ./build/Debug/.obj/hal/STM32F10x_StdPeriph_Driver/src/stm32f10x_spi.o
                0x080004e4                SPI_Init
 .text.SPI_Cmd  0x08000532       0x1c ./build/Debug/.obj/hal/STM32F10x_StdPeriph_Driver/src/stm32f10x_spi.o
                0x08000532                SPI_Cmd
 .text.SPI_I2S_SendData
                0x0800054e        0x4 ./build/Debug/.obj/hal/STM32F10x_StdPeriph_Driver/src/stm32f10x_spi.o
                0x0800054e                SPI_I2S_SendData
 .text.SPI_I2S_GetFlagStatus
                0x08000552        0xe ./build/Debug/.obj/hal/STM32F10x_StdPeriph_Driver/src/stm32f10x_spi.o
                0x08000552                SPI_I2S_GetFlagStatus
 .text.USART_Init
                0x08000560       0xc4 ./build/Debug/.obj/hal/STM32F10x_StdPeriph_Driver/src/stm32f10x_usart.o
                0x08000560                USART_Init
 .text.USART_Cmd
                0x08000624       0x1c ./build/Debug/.obj/hal/STM32F10x_StdPeriph_Driver/src/stm32f10x_usart.o
                0x08000624                USART_Cmd
 .text.USART_ITConfig
                0x08000640       0x36 ./build/Debug/.obj/hal/STM32F10x_StdPeriph_Driver/src/stm32f10x_usart.o
                0x08000640                USART_ITConfig
 .text.USART_SendData
                0x08000676        0x8 ./build/Debug/.obj/hal/STM32F10x_StdPeriph_Driver/src/stm32f10x_usart.o
                0x08000676                USART_SendData
 .text.USART_ReceiveData
                0x0800067e        0x8 ./build/Debug/.obj/hal/STM32F10x_StdPeriph_Driver/src/stm32f10x_usart.o
                0x0800067e                USART_ReceiveData
 .text.USART_GetFlagStatus
                0x08000686        0xe ./build/Debug/.obj/hal/STM32F10x_StdPeriph_Driver/src/stm32f10x_usart.o
                0x08000686                USART_GetFlagStatus
 .text.USART_ClearFlag
                0x08000694        0x8 ./build/Debug/.obj/hal/STM32F10x_StdPeriph_Driver/src/stm32f10x_usart.o
                0x08000694                USART_ClearFlag
 .text.USART_GetITStatus
                0x0800069c       0x4a ./build/Debug/.obj/hal/STM32F10x_StdPeriph_Driver/src/stm32f10x_usart.o
                0x0800069c                USART_GetITStatus
 .text.USART_ClearITPendingBit
                0x080006e6       0x10 ./build/Debug/.obj/hal/STM32F10x_StdPeriph_Driver/src/stm32f10x_usart.o
                0x080006e6                USART_ClearITPendingBit
 *fill*         0x080006f6        0x2 
 .text.SystemCoreClockUpdate
                0x080006f8       0x94 ./build/Debug/.obj/hal/STM32F10x_StdPeriph_Driver/system_stm32f10x.o
                0x080006f8                SystemCoreClockUpdate
 .text.SystemInit
                0x0800078c       0x6a ./build/Debug/.obj/hal/STM32F10x_StdPeriph_Driver/system_stm32f10x.o
                0x0800078c                SystemInit
 *fill*         0x080007f6        0x2 
 .text.GPIO_init
                0x080007f8      0x120 ./build/Debug/.obj/src/LMK04832_Master/LMK04832_Drv.o
                0x080007f8                GPIO_init
 .text.LMK_Master_Init
                0x08000918       0x98 ./build/Debug/.obj/src/LMK04832_Master/LMK04832_Drv.o
                0x08000918                LMK_Master_Init
 .text.LMK_Master_Send
                0x080009b0       0x20 ./build/Debug/.obj/src/LMK04832_Master/LMK04832_Drv.o
                0x080009b0                LMK_Master_Send
 .text.LMK_write_register
                0x080009d0       0x44 ./build/Debug/.obj/src/LMK04832_Master/LMK04832_Drv.o
 .text.LMK_clear_sysref_delay_buffers
                0x08000a14       0x1e ./build/Debug/.obj/src/LMK04832_Master/LMK04832_Drv.o
 .text.LMK_perform_sync
                0x08000a32       0x24 ./build/Debug/.obj/src/LMK04832_Master/LMK04832_Drv.o
 *fill*         0x08000a56        0x2 
 .text.LMK_set_sysref_mode_switch
                0x08000a58      0x170 ./build/Debug/.obj/src/LMK04832_Master/LMK04832_Drv.o
                0x08000a58                LMK_set_sysref_mode_switch
 .text.LMK_set_sysref_pulse
                0x08000bc8       0x44 ./build/Debug/.obj/src/LMK04832_Master/LMK04832_Drv.o
                0x08000bc8                LMK_set_sysref_pulse
 .text.LMK_regmap_init
                0x08000c0c       0xa0 ./build/Debug/.obj/src/LMK04832_Master/LMK04832_Drv.o
                0x08000c0c                LMK_regmap_init
 .text.__io_putchar
                0x08000cac       0x20 ./build/Debug/.obj/src/LMK04832_Master/uart.o
                0x08000cac                __io_putchar
 .text._write   0x08000ccc       0x1c ./build/Debug/.obj/src/LMK04832_Master/uart.o
                0x08000ccc                _write
 .text.UART_Init
                0x08000ce8       0x9c ./build/Debug/.obj/src/LMK04832_Master/uart.o
                0x08000ce8                UART_Init
 .text.USART1_IRQHandler
                0x08000d84       0xec ./build/Debug/.obj/src/LMK04832_Master/uart.o
                0x08000d84                USART1_IRQHandler
 .text.delay_decrement
                0x08000e70       0x14 ./build/Debug/.obj/src/delay.o
 .text.SysTick_Init
                0x08000e84       0x38 ./build/Debug/.obj/src/delay.o
                0x08000e84                SysTick_Init
 .text.delay_ms
                0x08000ebc       0x14 ./build/Debug/.obj/src/delay.o
                0x08000ebc                delay_ms
 .text.SysTick_Handler
                0x08000ed0        0x8 ./build/Debug/.obj/src/delay.o
                0x08000ed0                SysTick_Handler
 .text.process  0x08000ed8      0x120 ./build/Debug/.obj/src/main.o
 .text.main     0x08000ff8      0x12c ./build/Debug/.obj/src/main.o
                0x08000ff8                main
 .text.Reset_Handler
                0x08001124       0x48 ./build/Debug/.obj/src/startup_stm32f10x_md.o
                0x08001124                Reset_Handler
 .text.Default_Handler
                0x0800116c        0x2 ./build/Debug/.obj/src/startup_stm32f10x_md.o
                0x0800116c                EXTI2_IRQHandler
                0x0800116c                TIM1_CC_IRQHandler
                0x0800116c                PVD_IRQHandler
                0x0800116c                EXTI3_IRQHandler
                0x0800116c                EXTI0_IRQHandler
                0x0800116c                I2C2_EV_IRQHandler
                0x0800116c                ADC1_2_IRQHandler
                0x0800116c                SPI1_IRQHandler
                0x0800116c                TAMPER_IRQHandler
                0x0800116c                DMA1_Channel4_IRQHandler
                0x0800116c                USART3_IRQHandler
                0x0800116c                RTC_IRQHandler
                0x0800116c                DMA1_Channel7_IRQHandler
                0x0800116c                CAN1_RX1_IRQHandler
                0x0800116c                TIM4_IRQHandler
                0x0800116c                I2C1_EV_IRQHandler
                0x0800116c                DMA1_Channel6_IRQHandler
                0x0800116c                TIM3_IRQHandler
                0x0800116c                RCC_IRQHandler
                0x0800116c                TIM1_TRG_COM_IRQHandler
                0x0800116c                DMA1_Channel1_IRQHandler
                0x0800116c                Default_Handler
                0x0800116c                EXTI15_10_IRQHandler
                0x0800116c                EXTI9_5_IRQHandler
                0x0800116c                SPI2_IRQHandler
                0x0800116c                DMA1_Channel5_IRQHandler
                0x0800116c                EXTI4_IRQHandler
                0x0800116c                USB_LP_CAN1_RX0_IRQHandler
                0x0800116c                USB_HP_CAN1_TX_IRQHandler
                0x0800116c                DMA1_Channel3_IRQHandler
                0x0800116c                TIM1_UP_IRQHandler
                0x0800116c                WWDG_IRQHandler
                0x0800116c                TIM2_IRQHandler
                0x0800116c                TIM1_BRK_IRQHandler
                0x0800116c                EXTI1_IRQHandler
                0x0800116c                RTCAlarm_IRQHandler
                0x0800116c                USART2_IRQHandler
                0x0800116c                I2C2_ER_IRQHandler
                0x0800116c                DMA1_Channel2_IRQHandler
                0x0800116c                CAN1_SCE_IRQHandler
                0x0800116c                FLASH_IRQHandler
                0x0800116c                I2C1_ER_IRQHandler
                0x0800116c                USBWakeUp_IRQHandler
 .text.NMI_Handler
                0x0800116e        0x2 ./build/Debug/.obj/src/stm32f10x_it.o
                0x0800116e                NMI_Handler
 .text.HardFault_Handler
                0x08001170        0x2 ./build/Debug/.obj/src/stm32f10x_it.o
                0x08001170                HardFault_Handler
 .text.MemManage_Handler
                0x08001172        0x2 ./build/Debug/.obj/src/stm32f10x_it.o
                0x08001172                MemManage_Handler
 .text.BusFault_Handler
                0x08001174        0x2 ./build/Debug/.obj/src/stm32f10x_it.o
                0x08001174                BusFault_Handler
 .text.UsageFault_Handler
                0x08001176        0x2 ./build/Debug/.obj/src/stm32f10x_it.o
                0x08001176                UsageFault_Handler
 .text.SVC_Handler
                0x08001178        0x2 ./build/Debug/.obj/src/stm32f10x_it.o
                0x08001178                SVC_Handler
 .text.DebugMon_Handler
                0x0800117a        0x2 ./build/Debug/.obj/src/stm32f10x_it.o
                0x0800117a                DebugMon_Handler
 .text.PendSV_Handler
                0x0800117c        0x2 ./build/Debug/.obj/src/stm32f10x_it.o
                0x0800117c                PendSV_Handler
 *fill*         0x0800117e        0x2 
 .text.std      0x08001180       0x6c C:/Users/62526/.eide/tools/gcc_arm/bin/../lib/gcc/arm-none-eabi/14.3.1/../../../../arm-none-eabi/lib/thumb/v7-m/nofp\libc_nano.a(libc_a-findfp.o)
 .text.stdio_exit_handler
                0x080011ec       0x18 C:/Users/62526/.eide/tools/gcc_arm/bin/../lib/gcc/arm-none-eabi/14.3.1/../../../../arm-none-eabi/lib/thumb/v7-m/nofp\libc_nano.a(libc_a-findfp.o)
 .text.cleanup_stdio
                0x08001204       0x40 C:/Users/62526/.eide/tools/gcc_arm/bin/../lib/gcc/arm-none-eabi/14.3.1/../../../../arm-none-eabi/lib/thumb/v7-m/nofp\libc_nano.a(libc_a-findfp.o)
 .text.global_stdio_init.part.0
                0x08001244       0x40 C:/Users/62526/.eide/tools/gcc_arm/bin/../lib/gcc/arm-none-eabi/14.3.1/../../../../arm-none-eabi/lib/thumb/v7-m/nofp\libc_nano.a(libc_a-findfp.o)
 .text.__sfp_lock_acquire
                0x08001284        0xc C:/Users/62526/.eide/tools/gcc_arm/bin/../lib/gcc/arm-none-eabi/14.3.1/../../../../arm-none-eabi/lib/thumb/v7-m/nofp\libc_nano.a(libc_a-findfp.o)
                0x08001284                __sfp_lock_acquire
 .text.__sfp_lock_release
                0x08001290        0xc C:/Users/62526/.eide/tools/gcc_arm/bin/../lib/gcc/arm-none-eabi/14.3.1/../../../../arm-none-eabi/lib/thumb/v7-m/nofp\libc_nano.a(libc_a-findfp.o)
                0x08001290                __sfp_lock_release
 .text.__sinit  0x0800129c       0x30 C:/Users/62526/.eide/tools/gcc_arm/bin/../lib/gcc/arm-none-eabi/14.3.1/../../../../arm-none-eabi/lib/thumb/v7-m/nofp\libc_nano.a(libc_a-findfp.o)
                0x0800129c                __sinit
 .text._fwalk_sglue
                0x080012cc       0x3c C:/Users/62526/.eide/tools/gcc_arm/bin/../lib/gcc/arm-none-eabi/14.3.1/../../../../arm-none-eabi/lib/thumb/v7-m/nofp\libc_nano.a(libc_a-fwalk.o)
                0x080012cc                _fwalk_sglue
 .text.printf   0x08001308       0x24 C:/Users/62526/.eide/tools/gcc_arm/bin/../lib/gcc/arm-none-eabi/14.3.1/../../../../arm-none-eabi/lib/thumb/v7-m/nofp\libc_nano.a(libc_a-printf.o)
                0x08001308                iprintf
                0x08001308                printf
 .text._puts_r  0x0800132c       0xaa C:/Users/62526/.eide/tools/gcc_arm/bin/../lib/gcc/arm-none-eabi/14.3.1/../../../../arm-none-eabi/lib/thumb/v7-m/nofp\libc_nano.a(libc_a-puts.o)
                0x0800132c                _puts_r
 *fill*         0x080013d6        0x2 
 .text.puts     0x080013d8       0x10 C:/Users/62526/.eide/tools/gcc_arm/bin/../lib/gcc/arm-none-eabi/14.3.1/../../../../arm-none-eabi/lib/thumb/v7-m/nofp\libc_nano.a(libc_a-puts.o)
                0x080013d8                puts
 .text.__sread  0x080013e8       0x22 C:/Users/62526/.eide/tools/gcc_arm/bin/../lib/gcc/arm-none-eabi/14.3.1/../../../../arm-none-eabi/lib/thumb/v7-m/nofp\libc_nano.a(libc_a-stdio.o)
                0x080013e8                __sread
 .text.__swrite
                0x0800140a       0x38 C:/Users/62526/.eide/tools/gcc_arm/bin/../lib/gcc/arm-none-eabi/14.3.1/../../../../arm-none-eabi/lib/thumb/v7-m/nofp\libc_nano.a(libc_a-stdio.o)
                0x0800140a                __swrite
 .text.__sseek  0x08001442       0x26 C:/Users/62526/.eide/tools/gcc_arm/bin/../lib/gcc/arm-none-eabi/14.3.1/../../../../arm-none-eabi/lib/thumb/v7-m/nofp\libc_nano.a(libc_a-stdio.o)
                0x08001442                __sseek
 .text.__sclose
                0x08001468        0x8 C:/Users/62526/.eide/tools/gcc_arm/bin/../lib/gcc/arm-none-eabi/14.3.1/../../../../arm-none-eabi/lib/thumb/v7-m/nofp\libc_nano.a(libc_a-stdio.o)
                0x08001468                __sclose
 .text.__swbuf_r
                0x08001470       0x7c C:/Users/62526/.eide/tools/gcc_arm/bin/../lib/gcc/arm-none-eabi/14.3.1/../../../../arm-none-eabi/lib/thumb/v7-m/nofp\libc_nano.a(libc_a-wbuf.o)
                0x08001470                __swbuf_r
 .text.__swsetup_r
                0x080014ec       0xa8 C:/Users/62526/.eide/tools/gcc_arm/bin/../lib/gcc/arm-none-eabi/14.3.1/../../../../arm-none-eabi/lib/thumb/v7-m/nofp\libc_nano.a(libc_a-wsetup.o)
                0x080014ec                __swsetup_r
 .text.memset   0x08001594       0x10 C:/Users/62526/.eide/tools/gcc_arm/bin/../lib/gcc/arm-none-eabi/14.3.1/../../../../arm-none-eabi/lib/thumb/v7-m/nofp\libc_nano.a(libc_a-memset.o)
                0x08001594                memset
 .text._close_r
                0x080015a4       0x20 C:/Users/62526/.eide/tools/gcc_arm/bin/../lib/gcc/arm-none-eabi/14.3.1/../../../../arm-none-eabi/lib/thumb/v7-m/nofp\libc_nano.a(libc_a-closer.o)
                0x080015a4                _close_r
 .text._lseek_r
                0x080015c4       0x24 C:/Users/62526/.eide/tools/gcc_arm/bin/../lib/gcc/arm-none-eabi/14.3.1/../../../../arm-none-eabi/lib/thumb/v7-m/nofp\libc_nano.a(libc_a-lseekr.o)
                0x080015c4                _lseek_r
 .text._read_r  0x080015e8       0x24 C:/Users/62526/.eide/tools/gcc_arm/bin/../lib/gcc/arm-none-eabi/14.3.1/../../../../arm-none-eabi/lib/thumb/v7-m/nofp\libc_nano.a(libc_a-readr.o)
                0x080015e8                _read_r
 .text._write_r
                0x0800160c       0x24 C:/Users/62526/.eide/tools/gcc_arm/bin/../lib/gcc/arm-none-eabi/14.3.1/../../../../arm-none-eabi/lib/thumb/v7-m/nofp\libc_nano.a(libc_a-writer.o)
                0x0800160c                _write_r
 .text.__libc_init_array
                0x08001630       0x48 C:/Users/62526/.eide/tools/gcc_arm/bin/../lib/gcc/arm-none-eabi/14.3.1/../../../../arm-none-eabi/lib/thumb/v7-m/nofp\libc_nano.a(libc_a-init.o)
                0x08001630                __libc_init_array
 .text.__retarget_lock_init_recursive
                0x08001678        0x2 C:/Users/62526/.eide/tools/gcc_arm/bin/../lib/gcc/arm-none-eabi/14.3.1/../../../../arm-none-eabi/lib/thumb/v7-m/nofp\libc_nano.a(libc_a-lock.o)
                0x08001678                __retarget_lock_init_recursive
 .text.__retarget_lock_acquire_recursive
                0x0800167a        0x2 C:/Users/62526/.eide/tools/gcc_arm/bin/../lib/gcc/arm-none-eabi/14.3.1/../../../../arm-none-eabi/lib/thumb/v7-m/nofp\libc_nano.a(libc_a-lock.o)
                0x0800167a                __retarget_lock_acquire_recursive
 .text.__retarget_lock_release_recursive
                0x0800167c        0x2 C:/Users/62526/.eide/tools/gcc_arm/bin/../lib/gcc/arm-none-eabi/14.3.1/../../../../arm-none-eabi/lib/thumb/v7-m/nofp\libc_nano.a(libc_a-lock.o)
                0x0800167c                __retarget_lock_release_recursive
 *fill*         0x0800167e        0x2 
 .text._free_r  0x08001680       0x90 C:/Users/62526/.eide/tools/gcc_arm/bin/../lib/gcc/arm-none-eabi/14.3.1/../../../../arm-none-eabi/lib/thumb/v7-m/nofp\libc_nano.a(libc_a-freer.o)
                0x08001680                _free_r
 .text.sbrk_aligned
                0x08001710       0x44 C:/Users/62526/.eide/tools/gcc_arm/bin/../lib/gcc/arm-none-eabi/14.3.1/../../../../arm-none-eabi/lib/thumb/v7-m/nofp\libc_nano.a(libc_a-mallocr.o)
 .text._malloc_r
                0x08001754      0x100 C:/Users/62526/.eide/tools/gcc_arm/bin/../lib/gcc/arm-none-eabi/14.3.1/../../../../arm-none-eabi/lib/thumb/v7-m/nofp\libc_nano.a(libc_a-mallocr.o)
                0x08001754                _malloc_r
 .text.__malloc_lock
                0x08001854        0xc C:/Users/62526/.eide/tools/gcc_arm/bin/../lib/gcc/arm-none-eabi/14.3.1/../../../../arm-none-eabi/lib/thumb/v7-m/nofp\libc_nano.a(libc_a-mlock.o)
                0x08001854                __malloc_lock
 .text.__malloc_unlock
                0x08001860        0xc C:/Users/62526/.eide/tools/gcc_arm/bin/../lib/gcc/arm-none-eabi/14.3.1/../../../../arm-none-eabi/lib/thumb/v7-m/nofp\libc_nano.a(libc_a-mlock.o)
                0x08001860                __malloc_unlock
 .text.__sfputc_r
                0x0800186c       0x2a C:/Users/62526/.eide/tools/gcc_arm/bin/../lib/gcc/arm-none-eabi/14.3.1/../../../../arm-none-eabi/lib/thumb/v7-m/nofp\libc_nano.a(libc_a-nano-vfprintf.o)
 .text.__sfputs_r
                0x08001896       0x24 C:/Users/62526/.eide/tools/gcc_arm/bin/../lib/gcc/arm-none-eabi/14.3.1/../../../../arm-none-eabi/lib/thumb/v7-m/nofp\libc_nano.a(libc_a-nano-vfprintf.o)
                0x08001896                __sfputs_r
 *fill*         0x080018ba        0x2 
 .text._vfprintf_r
                0x080018bc      0x228 C:/Users/62526/.eide/tools/gcc_arm/bin/../lib/gcc/arm-none-eabi/14.3.1/../../../../arm-none-eabi/lib/thumb/v7-m/nofp\libc_nano.a(libc_a-nano-vfprintf.o)
                0x080018bc                _vfprintf_r
                0x080018bc                _vfiprintf_r
 .text._printf_common
                0x08001ae4       0xe4 C:/Users/62526/.eide/tools/gcc_arm/bin/../lib/gcc/arm-none-eabi/14.3.1/../../../../arm-none-eabi/lib/thumb/v7-m/nofp\libc_nano.a(libc_a-nano-vfprintf_i.o)
                0x08001ae4                _printf_common
 .text._printf_i
                0x08001bc8      0x24c C:/Users/62526/.eide/tools/gcc_arm/bin/../lib/gcc/arm-none-eabi/14.3.1/../../../../arm-none-eabi/lib/thumb/v7-m/nofp\libc_nano.a(libc_a-nano-vfprintf_i.o)
                0x08001bc8                _printf_i
 .text.__sflush_r
                0x08001e14       0xfc C:/Users/62526/.eide/tools/gcc_arm/bin/../lib/gcc/arm-none-eabi/14.3.1/../../../../arm-none-eabi/lib/thumb/v7-m/nofp\libc_nano.a(libc_a-fflush.o)
                0x08001e14                __sflush_r
 .text._fflush_r
                0x08001f10       0x50 C:/Users/62526/.eide/tools/gcc_arm/bin/../lib/gcc/arm-none-eabi/14.3.1/../../../../arm-none-eabi/lib/thumb/v7-m/nofp\libc_nano.a(libc_a-fflush.o)
                0x08001f10                _fflush_r
 .text.__swhatbuf_r
                0x08001f60       0x48 C:/Users/62526/.eide/tools/gcc_arm/bin/../lib/gcc/arm-none-eabi/14.3.1/../../../../arm-none-eabi/lib/thumb/v7-m/nofp\libc_nano.a(libc_a-makebuf.o)
                0x08001f60                __swhatbuf_r
 .text.__smakebuf_r
                0x08001fa8       0x72 C:/Users/62526/.eide/tools/gcc_arm/bin/../lib/gcc/arm-none-eabi/14.3.1/../../../../arm-none-eabi/lib/thumb/v7-m/nofp\libc_nano.a(libc_a-makebuf.o)
                0x08001fa8                __smakebuf_r
 *fill*         0x0800201a        0x2 
 .text._fstat_r
                0x0800201c       0x24 C:/Users/62526/.eide/tools/gcc_arm/bin/../lib/gcc/arm-none-eabi/14.3.1/../../../../arm-none-eabi/lib/thumb/v7-m/nofp\libc_nano.a(libc_a-fstatr.o)
                0x0800201c                _fstat_r
 .text._isatty_r
                0x08002040       0x20 C:/Users/62526/.eide/tools/gcc_arm/bin/../lib/gcc/arm-none-eabi/14.3.1/../../../../arm-none-eabi/lib/thumb/v7-m/nofp\libc_nano.a(libc_a-isattyr.o)
                0x08002040                _isatty_r
 .text._sbrk_r  0x08002060       0x20 C:/Users/62526/.eide/tools/gcc_arm/bin/../lib/gcc/arm-none-eabi/14.3.1/../../../../arm-none-eabi/lib/thumb/v7-m/nofp\libc_nano.a(libc_a-sbrkr.o)
                0x08002060                _sbrk_r
 .text.memchr   0x08002080       0x1c C:/Users/62526/.eide/tools/gcc_arm/bin/../lib/gcc/arm-none-eabi/14.3.1/../../../../arm-none-eabi/lib/thumb/v7-m/nofp\libc_nano.a(libc_a-memchr-stub.o)
                0x08002080                memchr
 .text._close   0x0800209c       0x10 C:/Users/62526/.eide/tools/gcc_arm/bin/../lib/gcc/arm-none-eabi/14.3.1/../../../../arm-none-eabi/lib/thumb/v7-m/nofp\libnosys.a(close.o)
                0x0800209c                _close
 .text._fstat   0x080020ac       0x10 C:/Users/62526/.eide/tools/gcc_arm/bin/../lib/gcc/arm-none-eabi/14.3.1/../../../../arm-none-eabi/lib/thumb/v7-m/nofp\libnosys.a(fstat.o)
                0x080020ac                _fstat
 .text._isatty  0x080020bc       0x10 C:/Users/62526/.eide/tools/gcc_arm/bin/../lib/gcc/arm-none-eabi/14.3.1/../../../../arm-none-eabi/lib/thumb/v7-m/nofp\libnosys.a(isatty.o)
                0x080020bc                _isatty
 .text._lseek   0x080020cc       0x10 C:/Users/62526/.eide/tools/gcc_arm/bin/../lib/gcc/arm-none-eabi/14.3.1/../../../../arm-none-eabi/lib/thumb/v7-m/nofp\libnosys.a(lseek.o)
                0x080020cc                _lseek
 .text._read    0x080020dc       0x10 C:/Users/62526/.eide/tools/gcc_arm/bin/../lib/gcc/arm-none-eabi/14.3.1/../../../../arm-none-eabi/lib/thumb/v7-m/nofp\libnosys.a(read.o)
                0x080020dc                _read
 .text._sbrk    0x080020ec       0x1c C:/Users/62526/.eide/tools/gcc_arm/bin/../lib/gcc/arm-none-eabi/14.3.1/../../../../arm-none-eabi/lib/thumb/v7-m/nofp\libnosys.a(sbrk.o)
                0x080020ec                _sbrk
 *(.rodata)
 *(.rodata*)
 .rodata.LMK_set_sysref_mode_switch.str1.4
                0x08002108      0x139 ./build/Debug/.obj/src/LMK04832_Master/LMK04832_Drv.o
                                 0x1e (size before relaxing)
 .rodata.LMK_set_sysref_pulse.str1.4
                0x08002241       0x33 ./build/Debug/.obj/src/LMK04832_Master/LMK04832_Drv.o
 .rodata.USART1_IRQHandler.str1.4
                0x08002241        0x8 ./build/Debug/.obj/src/LMK04832_Master/uart.o
 .rodata.process.str1.4
                0x08002241       0xdd ./build/Debug/.obj/src/main.o
 .rodata._vfprintf_r.str1.1
                0x08002241       0x33 C:/Users/62526/.eide/tools/gcc_arm/bin/../lib/gcc/arm-none-eabi/14.3.1/../../../../arm-none-eabi/lib/thumb/v7-m/nofp\libc_nano.a(libc_a-nano-vfprintf.o)
                                 0x11 (size before relaxing)
 .rodata._printf_i.str1.1
                0x08002274       0x22 C:/Users/62526/.eide/tools/gcc_arm/bin/../lib/gcc/arm-none-eabi/14.3.1/../../../../arm-none-eabi/lib/thumb/v7-m/nofp\libc_nano.a(libc_a-nano-vfprintf_i.o)
 *(.glue_7)
 .glue_7        0x08002274        0x0 linker stubs
 *(.glue_7t)
 .glue_7t       0x08002274        0x0 linker stubs
 *(.init)
 .init          0x08002274        0x4 C:/Users/62526/.eide/tools/gcc_arm/bin/../lib/gcc/arm-none-eabi/14.3.1/thumb/v7-m/nofp/crti.o
                0x08002274                _init
 .init          0x08002278        0x8 C:/Users/62526/.eide/tools/gcc_arm/bin/../lib/gcc/arm-none-eabi/14.3.1/thumb/v7-m/nofp/crtn.o
 *(.fini)
 .fini          0x08002280        0x4 C:/Users/62526/.eide/tools/gcc_arm/bin/../lib/gcc/arm-none-eabi/14.3.1/thumb/v7-m/nofp/crti.o
                0x08002280                _fini
 .fini          0x08002284        0x8 C:/Users/62526/.eide/tools/gcc_arm/bin/../lib/gcc/arm-none-eabi/14.3.1/thumb/v7-m/nofp/crtn.o
                0x08002320                        . = ALIGN (0x4)
                0x0800228c                        _etext = .

.vfp11_veneer   0x0800228c        0x0
 .vfp11_veneer  0x0800228c        0x0 linker stubs

.v4_bx          0x0800228c        0x0
 .v4_bx         0x0800228c        0x0 linker stubs

.iplt           0x0800228c        0x0
 .iplt          0x0800228c        0x0 C:/Users/62526/.eide/tools/gcc_arm/bin/../lib/gcc/arm-none-eabi/14.3.1/thumb/v7-m/nofp/crtbegin.o

.rel.dyn        0x0800228c        0x0
 .rel.iplt      0x0800228c        0x0 C:/Users/62526/.eide/tools/gcc_arm/bin/../lib/gcc/arm-none-eabi/14.3.1/thumb/v7-m/nofp/crtbegin.o

.ARM.extab
 *(.ARM.extab* .gnu.linkonce.armextab.*)

.ARM            0x0800228c        0x0
                0x0800228c                        __exidx_start = .
 *(.ARM.exidx*)
                0x0800228c                        __exidx_end = .

.ARM.attributes
                0x0800228c       0x29
 *(.ARM.attributes)
 .ARM.attributes
                0x0800228c       0x1d C:/Users/62526/.eide/tools/gcc_arm/bin/../lib/gcc/arm-none-eabi/14.3.1/thumb/v7-m/nofp/crti.o
 .ARM.attributes
                0x080022a9       0x2d C:/Users/62526/.eide/tools/gcc_arm/bin/../lib/gcc/arm-none-eabi/14.3.1/thumb/v7-m/nofp/crtbegin.o
 .ARM.attributes
                0x080022d6       0x2d ./build/Debug/.obj/hal/STM32F10x_StdPeriph_Driver/src/stm32f10x_flash.o
 .ARM.attributes
                0x08002303       0x2d ./build/Debug/.obj/hal/STM32F10x_StdPeriph_Driver/src/stm32f10x_gpio.o
 .ARM.attributes
                0x08002330       0x2d ./build/Debug/.obj/hal/STM32F10x_StdPeriph_Driver/src/stm32f10x_rcc.o
 .ARM.attributes
                0x0800235d       0x2d ./build/Debug/.obj/hal/STM32F10x_StdPeriph_Driver/src/stm32f10x_spi.o
 .ARM.attributes
                0x0800238a       0x2d ./build/Debug/.obj/hal/STM32F10x_StdPeriph_Driver/src/stm32f10x_usart.o
 .ARM.attributes
                0x080023b7       0x2d ./build/Debug/.obj/hal/STM32F10x_StdPeriph_Driver/system_stm32f10x.o
 .ARM.attributes
                0x080023e4       0x2d ./build/Debug/.obj/src/LMK04832_Master/LMK04832_Drv.o
 .ARM.attributes
                0x08002411       0x2d ./build/Debug/.obj/src/LMK04832_Master/init_regmap_v4.o
 .ARM.attributes
                0x0800243e       0x2d ./build/Debug/.obj/src/LMK04832_Master/uart.o
 .ARM.attributes
                0x0800246b       0x2d ./build/Debug/.obj/src/delay.o
 .ARM.attributes
                0x08002498       0x2d ./build/Debug/.obj/src/main.o
 .ARM.attributes
                0x080024c5       0x21 ./build/Debug/.obj/src/startup_stm32f10x_md.o
 .ARM.attributes
                0x080024e6       0x2d ./build/Debug/.obj/src/stm32f10x_it.o
 .ARM.attributes
                0x08002513       0x2d C:/Users/62526/.eide/tools/gcc_arm/bin/../lib/gcc/arm-none-eabi/14.3.1/../../../../arm-none-eabi/lib/thumb/v7-m/nofp\libc_nano.a(libc_a-findfp.o)
 .ARM.attributes
                0x08002540       0x2d C:/Users/62526/.eide/tools/gcc_arm/bin/../lib/gcc/arm-none-eabi/14.3.1/../../../../arm-none-eabi/lib/thumb/v7-m/nofp\libc_nano.a(libc_a-fwalk.o)
 .ARM.attributes
                0x0800256d       0x2d C:/Users/62526/.eide/tools/gcc_arm/bin/../lib/gcc/arm-none-eabi/14.3.1/../../../../arm-none-eabi/lib/thumb/v7-m/nofp\libc_nano.a(libc_a-printf.o)
 .ARM.attributes
                0x0800259a       0x2d C:/Users/62526/.eide/tools/gcc_arm/bin/../lib/gcc/arm-none-eabi/14.3.1/../../../../arm-none-eabi/lib/thumb/v7-m/nofp\libc_nano.a(libc_a-puts.o)
 .ARM.attributes
                0x080025c7       0x2d C:/Users/62526/.eide/tools/gcc_arm/bin/../lib/gcc/arm-none-eabi/14.3.1/../../../../arm-none-eabi/lib/thumb/v7-m/nofp\libc_nano.a(libc_a-stdio.o)
 .ARM.attributes
                0x080025f4       0x2d C:/Users/62526/.eide/tools/gcc_arm/bin/../lib/gcc/arm-none-eabi/14.3.1/../../../../arm-none-eabi/lib/thumb/v7-m/nofp\libc_nano.a(libc_a-wbuf.o)
 .ARM.attributes
                0x08002621       0x2d C:/Users/62526/.eide/tools/gcc_arm/bin/../lib/gcc/arm-none-eabi/14.3.1/../../../../arm-none-eabi/lib/thumb/v7-m/nofp\libc_nano.a(libc_a-wsetup.o)
 .ARM.attributes
                0x0800264e       0x2d C:/Users/62526/.eide/tools/gcc_arm/bin/../lib/gcc/arm-none-eabi/14.3.1/../../../../arm-none-eabi/lib/thumb/v7-m/nofp\libc_nano.a(libc_a-memset.o)
 .ARM.attributes
                0x0800267b       0x2d C:/Users/62526/.eide/tools/gcc_arm/bin/../lib/gcc/arm-none-eabi/14.3.1/../../../../arm-none-eabi/lib/thumb/v7-m/nofp\libc_nano.a(libc_a-closer.o)
 .ARM.attributes
                0x080026a8       0x2d C:/Users/62526/.eide/tools/gcc_arm/bin/../lib/gcc/arm-none-eabi/14.3.1/../../../../arm-none-eabi/lib/thumb/v7-m/nofp\libc_nano.a(libc_a-reent.o)
 .ARM.attributes
                0x080026d5       0x2d C:/Users/62526/.eide/tools/gcc_arm/bin/../lib/gcc/arm-none-eabi/14.3.1/../../../../arm-none-eabi/lib/thumb/v7-m/nofp\libc_nano.a(libc_a-impure.o)
 .ARM.attributes
                0x08002702       0x2d C:/Users/62526/.eide/tools/gcc_arm/bin/../lib/gcc/arm-none-eabi/14.3.1/../../../../arm-none-eabi/lib/thumb/v7-m/nofp\libc_nano.a(libc_a-lseekr.o)
 .ARM.attributes
                0x0800272f       0x2d C:/Users/62526/.eide/tools/gcc_arm/bin/../lib/gcc/arm-none-eabi/14.3.1/../../../../arm-none-eabi/lib/thumb/v7-m/nofp\libc_nano.a(libc_a-readr.o)
 .ARM.attributes
                0x0800275c       0x2d C:/Users/62526/.eide/tools/gcc_arm/bin/../lib/gcc/arm-none-eabi/14.3.1/../../../../arm-none-eabi/lib/thumb/v7-m/nofp\libc_nano.a(libc_a-writer.o)
 .ARM.attributes
                0x08002789       0x2d C:/Users/62526/.eide/tools/gcc_arm/bin/../lib/gcc/arm-none-eabi/14.3.1/../../../../arm-none-eabi/lib/thumb/v7-m/nofp\libc_nano.a(libc_a-init.o)
 .ARM.attributes
                0x080027b6       0x2d C:/Users/62526/.eide/tools/gcc_arm/bin/../lib/gcc/arm-none-eabi/14.3.1/../../../../arm-none-eabi/lib/thumb/v7-m/nofp\libc_nano.a(libc_a-lock.o)
 .ARM.attributes
                0x080027e3       0x2d C:/Users/62526/.eide/tools/gcc_arm/bin/../lib/gcc/arm-none-eabi/14.3.1/../../../../arm-none-eabi/lib/thumb/v7-m/nofp\libc_nano.a(libc_a-freer.o)
 .ARM.attributes
                0x08002810       0x2d C:/Users/62526/.eide/tools/gcc_arm/bin/../lib/gcc/arm-none-eabi/14.3.1/../../../../arm-none-eabi/lib/thumb/v7-m/nofp\libc_nano.a(libc_a-mallocr.o)
 .ARM.attributes
                0x0800283d       0x2d C:/Users/62526/.eide/tools/gcc_arm/bin/../lib/gcc/arm-none-eabi/14.3.1/../../../../arm-none-eabi/lib/thumb/v7-m/nofp\libc_nano.a(libc_a-mlock.o)
 .ARM.attributes
                0x0800286a       0x2d C:/Users/62526/.eide/tools/gcc_arm/bin/../lib/gcc/arm-none-eabi/14.3.1/../../../../arm-none-eabi/lib/thumb/v7-m/nofp\libc_nano.a(libc_a-nano-vfprintf.o)
 .ARM.attributes
                0x08002897       0x2d C:/Users/62526/.eide/tools/gcc_arm/bin/../lib/gcc/arm-none-eabi/14.3.1/../../../../arm-none-eabi/lib/thumb/v7-m/nofp\libc_nano.a(libc_a-nano-vfprintf_i.o)
 .ARM.attributes
                0x080028c4       0x2d C:/Users/62526/.eide/tools/gcc_arm/bin/../lib/gcc/arm-none-eabi/14.3.1/../../../../arm-none-eabi/lib/thumb/v7-m/nofp\libc_nano.a(libc_a-fflush.o)
 .ARM.attributes
                0x080028f1       0x2d C:/Users/62526/.eide/tools/gcc_arm/bin/../lib/gcc/arm-none-eabi/14.3.1/../../../../arm-none-eabi/lib/thumb/v7-m/nofp\libc_nano.a(libc_a-makebuf.o)
 .ARM.attributes
                0x0800291e       0x2d C:/Users/62526/.eide/tools/gcc_arm/bin/../lib/gcc/arm-none-eabi/14.3.1/../../../../arm-none-eabi/lib/thumb/v7-m/nofp\libc_nano.a(libc_a-fstatr.o)
 .ARM.attributes
                0x0800294b       0x2d C:/Users/62526/.eide/tools/gcc_arm/bin/../lib/gcc/arm-none-eabi/14.3.1/../../../../arm-none-eabi/lib/thumb/v7-m/nofp\libc_nano.a(libc_a-isattyr.o)
 .ARM.attributes
                0x08002978       0x2d C:/Users/62526/.eide/tools/gcc_arm/bin/../lib/gcc/arm-none-eabi/14.3.1/../../../../arm-none-eabi/lib/thumb/v7-m/nofp\libc_nano.a(libc_a-sbrkr.o)
 .ARM.attributes
                0x080029a5       0x2d C:/Users/62526/.eide/tools/gcc_arm/bin/../lib/gcc/arm-none-eabi/14.3.1/../../../../arm-none-eabi/lib/thumb/v7-m/nofp\libc_nano.a(libc_a-memchr-stub.o)
 .ARM.attributes
                0x080029d2       0x2d C:/Users/62526/.eide/tools/gcc_arm/bin/../lib/gcc/arm-none-eabi/14.3.1/../../../../arm-none-eabi/lib/thumb/v7-m/nofp\libnosys.a(close.o)
 .ARM.attributes
                0x080029ff       0x2d C:/Users/62526/.eide/tools/gcc_arm/bin/../lib/gcc/arm-none-eabi/14.3.1/../../../../arm-none-eabi/lib/thumb/v7-m/nofp\libnosys.a(fstat.o)
 .ARM.attributes
                0x08002a2c       0x2d C:/Users/62526/.eide/tools/gcc_arm/bin/../lib/gcc/arm-none-eabi/14.3.1/../../../../arm-none-eabi/lib/thumb/v7-m/nofp\libnosys.a(isatty.o)
 .ARM.attributes
                0x08002a59       0x2d C:/Users/62526/.eide/tools/gcc_arm/bin/../lib/gcc/arm-none-eabi/14.3.1/../../../../arm-none-eabi/lib/thumb/v7-m/nofp\libnosys.a(lseek.o)
 .ARM.attributes
                0x08002a86       0x2d C:/Users/62526/.eide/tools/gcc_arm/bin/../lib/gcc/arm-none-eabi/14.3.1/../../../../arm-none-eabi/lib/thumb/v7-m/nofp\libnosys.a(read.o)
 .ARM.attributes
                0x08002ab3       0x2d C:/Users/62526/.eide/tools/gcc_arm/bin/../lib/gcc/arm-none-eabi/14.3.1/../../../../arm-none-eabi/lib/thumb/v7-m/nofp\libnosys.a(sbrk.o)
 .ARM.attributes
                0x08002ae0       0x2d C:/Users/62526/.eide/tools/gcc_arm/bin/../lib/gcc/arm-none-eabi/14.3.1/thumb/v7-m/nofp/crtend.o
 .ARM.attributes
                0x08002b0d       0x1d C:/Users/62526/.eide/tools/gcc_arm/bin/../lib/gcc/arm-none-eabi/14.3.1/thumb/v7-m/nofp/crtn.o

.preinit_array  0x0800228c        0x0
                0x0800228c                        PROVIDE (__preinit_array_start = .)
 *(.preinit_array*)
                0x0800228c                        PROVIDE (__preinit_array_end = .)

.init_array     0x0800228c        0x4
                0x0800228c                        PROVIDE (__init_array_start = .)
 *(SORT_BY_NAME(.init_array.*))
 *(.init_array*)
 .init_array    0x0800228c        0x4 C:/Users/62526/.eide/tools/gcc_arm/bin/../lib/gcc/arm-none-eabi/14.3.1/thumb/v7-m/nofp/crtbegin.o
                0x08002290                        PROVIDE (__init_array_end = .)

.fini_array     0x08002290        0x4
                [!provide]                        PROVIDE (__fini_array_start = .)
 *(.fini_array*)
 .fini_array    0x08002290        0x4 C:/Users/62526/.eide/tools/gcc_arm/bin/../lib/gcc/arm-none-eabi/14.3.1/thumb/v7-m/nofp/crtbegin.o
 *(SORT_BY_NAME(.fini_array.*))
                [!provide]                        PROVIDE (__fini_array_end = .)
                0x08002294                        _sidata = .

.data           0x20000000      0x200 load address 0x08002294
                0x20000000                        . = ALIGN (0x4)
                0x20000000                        _sdata = .
 *(.data)
 *(.data*)
 .data.ADCPrescTable
                0x20000000        0x4 ./build/Debug/.obj/hal/STM32F10x_StdPeriph_Driver/src/stm32f10x_rcc.o
 .data.APBAHBPrescTable
                0x20000004       0x10 ./build/Debug/.obj/hal/STM32F10x_StdPeriph_Driver/src/stm32f10x_rcc.o
 .data.AHBPrescTable
                0x20000014       0x10 ./build/Debug/.obj/hal/STM32F10x_StdPeriph_Driver/system_stm32f10x.o
                0x20000014                AHBPrescTable
 .data.SystemCoreClock
                0x20000024        0x4 ./build/Debug/.obj/hal/STM32F10x_StdPeriph_Driver/system_stm32f10x.o
                0x20000024                SystemCoreClock
 .data.init_regmap_v4
                0x20000028      0x17a ./build/Debug/.obj/src/LMK04832_Master/init_regmap_v4.o
                0x20000028                init_regmap_v4
 *fill*         0x200001a2        0x2 
 .data.__sglue  0x200001a4        0xc C:/Users/62526/.eide/tools/gcc_arm/bin/../lib/gcc/arm-none-eabi/14.3.1/../../../../arm-none-eabi/lib/thumb/v7-m/nofp\libc_nano.a(libc_a-findfp.o)
                0x200001a4                __sglue
 .data._impure_ptr
                0x200001b0        0x4 C:/Users/62526/.eide/tools/gcc_arm/bin/../lib/gcc/arm-none-eabi/14.3.1/../../../../arm-none-eabi/lib/thumb/v7-m/nofp\libc_nano.a(libc_a-impure.o)
                0x200001b0                _impure_ptr
 .data._impure_data
                0x200001b4       0x4c C:/Users/62526/.eide/tools/gcc_arm/bin/../lib/gcc/arm-none-eabi/14.3.1/../../../../arm-none-eabi/lib/thumb/v7-m/nofp\libc_nano.a(libc_a-impure.o)
                0x200001b4                _impure_data
                0x20000200                        . = ALIGN (0x4)
                0x20000200                        _edata = .

.tm_clone_table
                0x20000200        0x0 load address 0x08002494
 .tm_clone_table
                0x20000200        0x0 C:/Users/62526/.eide/tools/gcc_arm/bin/../lib/gcc/arm-none-eabi/14.3.1/thumb/v7-m/nofp/crtbegin.o
 .tm_clone_table
                0x20000200        0x0 C:/Users/62526/.eide/tools/gcc_arm/bin/../lib/gcc/arm-none-eabi/14.3.1/thumb/v7-m/nofp/crtend.o

.igot.plt       0x20000200        0x0 load address 0x08002494
 .igot.plt      0x20000200        0x0 C:/Users/62526/.eide/tools/gcc_arm/bin/../lib/gcc/arm-none-eabi/14.3.1/thumb/v7-m/nofp/crtbegin.o
                0x20000200                        . = ALIGN (0x4)

.bss            0x20000200      0x17c load address 0x08002494
                0x20000200                        _sbss = .
                0x20000200                        __bss_start__ = _sbss
 *(.bss)
 *(.bss*)
 .bss.completed.1
                0x20000200        0x1 C:/Users/62526/.eide/tools/gcc_arm/bin/../lib/gcc/arm-none-eabi/14.3.1/thumb/v7-m/nofp/crtbegin.o
 *fill*         0x20000201        0x3 
 .bss.object.0  0x20000204       0x18 C:/Users/62526/.eide/tools/gcc_arm/bin/../lib/gcc/arm-none-eabi/14.3.1/thumb/v7-m/nofp/crtbegin.o
 .bss.head_confirm
                0x2000021c        0x1 ./build/Debug/.obj/src/LMK04832_Master/uart.o
 .bss.host_instruction_valid
                0x2000021d        0x1 ./build/Debug/.obj/src/LMK04832_Master/uart.o
                0x2000021d                host_instruction_valid
 .bss.process_once
                0x2000021e        0x1 ./build/Debug/.obj/src/LMK04832_Master/uart.o
                0x2000021e                process_once
 .bss.uart_index
                0x2000021f        0x1 ./build/Debug/.obj/src/LMK04832_Master/uart.o
 .bss.uart_rx_buffer
                0x20000220        0x8 ./build/Debug/.obj/src/LMK04832_Master/uart.o
                0x20000220                uart_rx_buffer
 .bss.systick_counter
                0x20000228        0x4 ./build/Debug/.obj/src/delay.o
 .bss.__sf      0x2000022c      0x138 C:/Users/62526/.eide/tools/gcc_arm/bin/../lib/gcc/arm-none-eabi/14.3.1/../../../../arm-none-eabi/lib/thumb/v7-m/nofp\libc_nano.a(libc_a-findfp.o)
                0x2000022c                __sf
 .bss.__stdio_exit_handler
                0x20000364        0x4 C:/Users/62526/.eide/tools/gcc_arm/bin/../lib/gcc/arm-none-eabi/14.3.1/../../../../arm-none-eabi/lib/thumb/v7-m/nofp\libc_nano.a(libc_a-findfp.o)
                0x20000364                __stdio_exit_handler
 .bss.errno     0x20000368        0x4 C:/Users/62526/.eide/tools/gcc_arm/bin/../lib/gcc/arm-none-eabi/14.3.1/../../../../arm-none-eabi/lib/thumb/v7-m/nofp\libc_nano.a(libc_a-reent.o)
                0x20000368                errno
 .bss.__lock___malloc_recursive_mutex
                0x2000036c        0x1 C:/Users/62526/.eide/tools/gcc_arm/bin/../lib/gcc/arm-none-eabi/14.3.1/../../../../arm-none-eabi/lib/thumb/v7-m/nofp\libc_nano.a(libc_a-lock.o)
                0x2000036c                __lock___malloc_recursive_mutex
 .bss.__lock___sfp_recursive_mutex
                0x2000036d        0x1 C:/Users/62526/.eide/tools/gcc_arm/bin/../lib/gcc/arm-none-eabi/14.3.1/../../../../arm-none-eabi/lib/thumb/v7-m/nofp\libc_nano.a(libc_a-lock.o)
                0x2000036d                __lock___sfp_recursive_mutex
 *fill*         0x2000036e        0x2 
 .bss.__malloc_sbrk_start
                0x20000370        0x4 C:/Users/62526/.eide/tools/gcc_arm/bin/../lib/gcc/arm-none-eabi/14.3.1/../../../../arm-none-eabi/lib/thumb/v7-m/nofp\libc_nano.a(libc_a-mallocr.o)
                0x20000370                __malloc_sbrk_start
 .bss.__malloc_free_list
                0x20000374        0x4 C:/Users/62526/.eide/tools/gcc_arm/bin/../lib/gcc/arm-none-eabi/14.3.1/../../../../arm-none-eabi/lib/thumb/v7-m/nofp\libc_nano.a(libc_a-mallocr.o)
                0x20000374                __malloc_free_list
 .bss.heap_end.0
                0x20000378        0x4 C:/Users/62526/.eide/tools/gcc_arm/bin/../lib/gcc/arm-none-eabi/14.3.1/../../../../arm-none-eabi/lib/thumb/v7-m/nofp\libnosys.a(sbrk.o)
 *(COMMON)
                0x2000037c                        . = ALIGN (0x4)
                0x2000037c                        _ebss = .
                0x2000037c                        __bss_end__ = _ebss
                0x2000037c                        PROVIDE (end = _ebss)
                [!provide]                        PROVIDE (_end = _ebss)

._user_heap_stack
                0x2000037c      0x100 load address 0x08002610
                0x2000037c                        . = ALIGN (0x4)
                0x2000037c                        . = (. + _Min_Heap_Size)
                0x2000047c                        . = (. + _Min_Stack_Size)
 *fill*         0x2000037c      0x100 
                0x2000047c                        . = ALIGN (0x4)

.memory_b1_text
 *(.mb1text)
 *(.mb1text*)
 *(.mb1rodata)
 *(.mb1rodata*)

/DISCARD/
 libc.a(*)
 libm.a(*)
 libgcc.a(*)
OUTPUT(./build/Debug/STM32F103_lmk_clkgen.elf elf32-littlearm)
LOAD linker stubs
LOAD C:/Users/62526/.eide/tools/gcc_arm/bin/../lib/gcc/arm-none-eabi/14.3.1/../../../../arm-none-eabi/lib/thumb/v7-m/nofp\libc.a
LOAD C:/Users/62526/.eide/tools/gcc_arm/bin/../lib/gcc/arm-none-eabi/14.3.1/../../../../arm-none-eabi/lib/thumb/v7-m/nofp\libm.a
LOAD C:/Users/62526/.eide/tools/gcc_arm/bin/../lib/gcc/arm-none-eabi/14.3.1/thumb/v7-m/nofp\libgcc.a

.debug_info     0x00000000     0x61ec
 .debug_info    0x00000000      0xae1 ./build/Debug/.obj/hal/STM32F10x_StdPeriph_Driver/src/stm32f10x_flash.o
 .debug_info    0x00000ae1      0x91e ./build/Debug/.obj/hal/STM32F10x_StdPeriph_Driver/src/stm32f10x_gpio.o
 .debug_info    0x000013ff      0x97f ./build/Debug/.obj/hal/STM32F10x_StdPeriph_Driver/src/stm32f10x_rcc.o
 .debug_info    0x00001d7e      0xaa1 ./build/Debug/.obj/hal/STM32F10x_StdPeriph_Driver/src/stm32f10x_spi.o
 .debug_info    0x0000281f      0xc08 ./build/Debug/.obj/hal/STM32F10x_StdPeriph_Driver/src/stm32f10x_usart.o
 .debug_info    0x00003427      0x3e0 ./build/Debug/.obj/hal/STM32F10x_StdPeriph_Driver/system_stm32f10x.o
 .debug_info    0x00003807      0xffc ./build/Debug/.obj/src/LMK04832_Master/LMK04832_Drv.o
 .debug_info    0x00004803       0xa0 ./build/Debug/.obj/src/LMK04832_Master/init_regmap_v4.o
 .debug_info    0x000048a3      0xa06 ./build/Debug/.obj/src/LMK04832_Master/uart.o
 .debug_info    0x000052a9      0x66c ./build/Debug/.obj/src/delay.o
 .debug_info    0x00005915      0x7b9 ./build/Debug/.obj/src/main.o
 .debug_info    0x000060ce       0x22 ./build/Debug/.obj/src/startup_stm32f10x_md.o
 .debug_info    0x000060f0       0xfc ./build/Debug/.obj/src/stm32f10x_it.o

.debug_abbrev   0x00000000     0x1510
 .debug_abbrev  0x00000000      0x1cc ./build/Debug/.obj/hal/STM32F10x_StdPeriph_Driver/src/stm32f10x_flash.o
 .debug_abbrev  0x000001cc      0x220 ./build/Debug/.obj/hal/STM32F10x_StdPeriph_Driver/src/stm32f10x_gpio.o
 .debug_abbrev  0x000003ec      0x204 ./build/Debug/.obj/hal/STM32F10x_StdPeriph_Driver/src/stm32f10x_rcc.o
 .debug_abbrev  0x000005f0      0x1f2 ./build/Debug/.obj/hal/STM32F10x_StdPeriph_Driver/src/stm32f10x_spi.o
 .debug_abbrev  0x000007e2      0x1dc ./build/Debug/.obj/hal/STM32F10x_StdPeriph_Driver/src/stm32f10x_usart.o
 .debug_abbrev  0x000009be      0x18a ./build/Debug/.obj/hal/STM32F10x_StdPeriph_Driver/system_stm32f10x.o
 .debug_abbrev  0x00000b48      0x25f ./build/Debug/.obj/src/LMK04832_Master/LMK04832_Drv.o
 .debug_abbrev  0x00000da7       0x5a ./build/Debug/.obj/src/LMK04832_Master/init_regmap_v4.o
 .debug_abbrev  0x00000e01      0x2a6 ./build/Debug/.obj/src/LMK04832_Master/uart.o
 .debug_abbrev  0x000010a7      0x1db ./build/Debug/.obj/src/delay.o
 .debug_abbrev  0x00001282      0x238 ./build/Debug/.obj/src/main.o
 .debug_abbrev  0x000014ba       0x12 ./build/Debug/.obj/src/startup_stm32f10x_md.o
 .debug_abbrev  0x000014cc       0x44 ./build/Debug/.obj/src/stm32f10x_it.o

.debug_loc      0x00000000     0x2509
 .debug_loc     0x00000000      0x717 ./build/Debug/.obj/hal/STM32F10x_StdPeriph_Driver/src/stm32f10x_flash.o
 .debug_loc     0x00000717      0x62c ./build/Debug/.obj/hal/STM32F10x_StdPeriph_Driver/src/stm32f10x_gpio.o
 .debug_loc     0x00000d43      0x654 ./build/Debug/.obj/hal/STM32F10x_StdPeriph_Driver/src/stm32f10x_rcc.o
 .debug_loc     0x00001397      0x6e3 ./build/Debug/.obj/hal/STM32F10x_StdPeriph_Driver/src/stm32f10x_spi.o
 .debug_loc     0x00001a7a      0x80c ./build/Debug/.obj/hal/STM32F10x_StdPeriph_Driver/src/stm32f10x_usart.o
 .debug_loc     0x00002286       0xff ./build/Debug/.obj/hal/STM32F10x_StdPeriph_Driver/system_stm32f10x.o
 .debug_loc     0x00002385      0x121 ./build/Debug/.obj/src/LMK04832_Master/uart.o
 .debug_loc     0x000024a6       0x63 ./build/Debug/.obj/src/delay.o

.debug_aranges  0x00000000      0x650
 .debug_aranges
                0x00000000       0xf8 ./build/Debug/.obj/hal/STM32F10x_StdPeriph_Driver/src/stm32f10x_flash.o
 .debug_aranges
                0x000000f8       0xa8 ./build/Debug/.obj/hal/STM32F10x_StdPeriph_Driver/src/stm32f10x_gpio.o
 .debug_aranges
                0x000001a0      0x118 ./build/Debug/.obj/hal/STM32F10x_StdPeriph_Driver/src/stm32f10x_rcc.o
 .debug_aranges
                0x000002b8       0xd0 ./build/Debug/.obj/hal/STM32F10x_StdPeriph_Driver/src/stm32f10x_spi.o
 .debug_aranges
                0x00000388      0x100 ./build/Debug/.obj/hal/STM32F10x_StdPeriph_Driver/src/stm32f10x_usart.o
 .debug_aranges
                0x00000488       0x28 ./build/Debug/.obj/hal/STM32F10x_StdPeriph_Driver/system_stm32f10x.o
 .debug_aranges
                0x000004b0       0x70 ./build/Debug/.obj/src/LMK04832_Master/LMK04832_Drv.o
 .debug_aranges
                0x00000520       0x18 ./build/Debug/.obj/src/LMK04832_Master/init_regmap_v4.o
 .debug_aranges
                0x00000538       0x38 ./build/Debug/.obj/src/LMK04832_Master/uart.o
 .debug_aranges
                0x00000570       0x38 ./build/Debug/.obj/src/delay.o
 .debug_aranges
                0x000005a8       0x28 ./build/Debug/.obj/src/main.o
 .debug_aranges
                0x000005d0       0x28 ./build/Debug/.obj/src/startup_stm32f10x_md.o
 .debug_aranges
                0x000005f8       0x58 ./build/Debug/.obj/src/stm32f10x_it.o

.debug_ranges   0x00000000      0x508
 .debug_ranges  0x00000000       0xe8 ./build/Debug/.obj/hal/STM32F10x_StdPeriph_Driver/src/stm32f10x_flash.o
 .debug_ranges  0x000000e8       0x98 ./build/Debug/.obj/hal/STM32F10x_StdPeriph_Driver/src/stm32f10x_gpio.o
 .debug_ranges  0x00000180      0x108 ./build/Debug/.obj/hal/STM32F10x_StdPeriph_Driver/src/stm32f10x_rcc.o
 .debug_ranges  0x00000288       0xc0 ./build/Debug/.obj/hal/STM32F10x_StdPeriph_Driver/src/stm32f10x_spi.o
 .debug_ranges  0x00000348       0xf0 ./build/Debug/.obj/hal/STM32F10x_StdPeriph_Driver/src/stm32f10x_usart.o
 .debug_ranges  0x00000438       0x18 ./build/Debug/.obj/hal/STM32F10x_StdPeriph_Driver/system_stm32f10x.o
 .debug_ranges  0x00000450       0x28 ./build/Debug/.obj/src/LMK04832_Master/uart.o
 .debug_ranges  0x00000478       0x28 ./build/Debug/.obj/src/delay.o
 .debug_ranges  0x000004a0       0x20 ./build/Debug/.obj/src/startup_stm32f10x_md.o
 .debug_ranges  0x000004c0       0x48 ./build/Debug/.obj/src/stm32f10x_it.o

.debug_line     0x00000000     0x3c2d
 .debug_line    0x00000000      0x9dc ./build/Debug/.obj/hal/STM32F10x_StdPeriph_Driver/src/stm32f10x_flash.o
 .debug_line    0x000009dc      0x6ad ./build/Debug/.obj/hal/STM32F10x_StdPeriph_Driver/src/stm32f10x_gpio.o
 .debug_line    0x00001089      0x85b ./build/Debug/.obj/hal/STM32F10x_StdPeriph_Driver/src/stm32f10x_rcc.o
 .debug_line    0x000018e4      0x723 ./build/Debug/.obj/hal/STM32F10x_StdPeriph_Driver/src/stm32f10x_spi.o
 .debug_line    0x00002007      0x884 ./build/Debug/.obj/hal/STM32F10x_StdPeriph_Driver/src/stm32f10x_usart.o
 .debug_line    0x0000288b      0x2a4 ./build/Debug/.obj/hal/STM32F10x_StdPeriph_Driver/system_stm32f10x.o
 .debug_line    0x00002b2f      0x52c ./build/Debug/.obj/src/LMK04832_Master/LMK04832_Drv.o
 .debug_line    0x0000305b       0xe6 ./build/Debug/.obj/src/LMK04832_Master/init_regmap_v4.o
 .debug_line    0x00003141      0x3c7 ./build/Debug/.obj/src/LMK04832_Master/uart.o
 .debug_line    0x00003508      0x20c ./build/Debug/.obj/src/delay.o
 .debug_line    0x00003714      0x38d ./build/Debug/.obj/src/main.o
 .debug_line    0x00003aa1       0x79 ./build/Debug/.obj/src/startup_stm32f10x_md.o
 .debug_line    0x00003b1a      0x113 ./build/Debug/.obj/src/stm32f10x_it.o

.debug_str      0x00000000     0x1d9a
 .debug_str     0x00000000     0x1d9a ./build/Debug/.obj/hal/STM32F10x_StdPeriph_Driver/src/stm32f10x_flash.o
                                0x612 (size before relaxing)
 .debug_str     0x00001d9a      0x55a ./build/Debug/.obj/hal/STM32F10x_StdPeriph_Driver/src/stm32f10x_gpio.o
 .debug_str     0x00001d9a      0x644 ./build/Debug/.obj/hal/STM32F10x_StdPeriph_Driver/src/stm32f10x_rcc.o
 .debug_str     0x00001d9a      0x667 ./build/Debug/.obj/hal/STM32F10x_StdPeriph_Driver/src/stm32f10x_spi.o
 .debug_str     0x00001d9a      0x6fa ./build/Debug/.obj/hal/STM32F10x_StdPeriph_Driver/src/stm32f10x_usart.o
 .debug_str     0x00001d9a      0x313 ./build/Debug/.obj/hal/STM32F10x_StdPeriph_Driver/system_stm32f10x.o
 .debug_str     0x00001d9a      0x5ce ./build/Debug/.obj/src/LMK04832_Master/LMK04832_Drv.o
 .debug_str     0x00001d9a      0x197 ./build/Debug/.obj/src/LMK04832_Master/init_regmap_v4.o
 .debug_str     0x00001d9a      0x85a ./build/Debug/.obj/src/LMK04832_Master/uart.o
 .debug_str     0x00001d9a      0x5cb ./build/Debug/.obj/src/delay.o
 .debug_str     0x00001d9a      0x343 ./build/Debug/.obj/src/main.o
 .debug_str     0x00001d9a       0x5f ./build/Debug/.obj/src/startup_stm32f10x_md.o
 .debug_str     0x00001d9a      0x1eb ./build/Debug/.obj/src/stm32f10x_it.o

.comment        0x00000000       0x93
 .comment       0x00000000       0x93 ./build/Debug/.obj/hal/STM32F10x_StdPeriph_Driver/src/stm32f10x_flash.o
                                 0x4e (size before relaxing)
 .comment       0x00000093       0x4e ./build/Debug/.obj/hal/STM32F10x_StdPeriph_Driver/src/stm32f10x_gpio.o
 .comment       0x00000093       0x4e ./build/Debug/.obj/hal/STM32F10x_StdPeriph_Driver/src/stm32f10x_rcc.o
 .comment       0x00000093       0x4e ./build/Debug/.obj/hal/STM32F10x_StdPeriph_Driver/src/stm32f10x_spi.o
 .comment       0x00000093       0x4e ./build/Debug/.obj/hal/STM32F10x_StdPeriph_Driver/src/stm32f10x_usart.o
 .comment       0x00000093       0x4e ./build/Debug/.obj/hal/STM32F10x_StdPeriph_Driver/system_stm32f10x.o
 .comment       0x00000093       0x47 ./build/Debug/.obj/src/LMK04832_Master/LMK04832_Drv.o
 .comment       0x00000093       0x47 ./build/Debug/.obj/src/LMK04832_Master/init_regmap_v4.o
 .comment       0x00000093       0x4e ./build/Debug/.obj/src/LMK04832_Master/uart.o
 .comment       0x00000093       0x4e ./build/Debug/.obj/src/delay.o
 .comment       0x00000093       0x47 ./build/Debug/.obj/src/main.o
 .comment       0x00000093       0x4e ./build/Debug/.obj/src/stm32f10x_it.o

.debug_frame    0x00000000     0x1584
 .debug_frame   0x00000000      0x254 ./build/Debug/.obj/hal/STM32F10x_StdPeriph_Driver/src/stm32f10x_flash.o
 .debug_frame   0x00000254      0x160 ./build/Debug/.obj/hal/STM32F10x_StdPeriph_Driver/src/stm32f10x_gpio.o
 .debug_frame   0x000003b4      0x228 ./build/Debug/.obj/hal/STM32F10x_StdPeriph_Driver/src/stm32f10x_rcc.o
 .debug_frame   0x000005dc      0x1b0 ./build/Debug/.obj/hal/STM32F10x_StdPeriph_Driver/src/stm32f10x_spi.o
 .debug_frame   0x0000078c      0x204 ./build/Debug/.obj/hal/STM32F10x_StdPeriph_Driver/src/stm32f10x_usart.o
 .debug_frame   0x00000990       0x38 ./build/Debug/.obj/hal/STM32F10x_StdPeriph_Driver/system_stm32f10x.o
 .debug_frame   0x000009c8      0x13c ./build/Debug/.obj/src/LMK04832_Master/LMK04832_Drv.o
 .debug_frame   0x00000b04       0x7c ./build/Debug/.obj/src/LMK04832_Master/uart.o
 .debug_frame   0x00000b80       0x58 ./build/Debug/.obj/src/delay.o
 .debug_frame   0x00000bd8       0x44 ./build/Debug/.obj/src/main.o
 .debug_frame   0x00000c1c       0x90 ./build/Debug/.obj/src/stm32f10x_it.o
 .debug_frame   0x00000cac      0x144 C:/Users/62526/.eide/tools/gcc_arm/bin/../lib/gcc/arm-none-eabi/14.3.1/../../../../arm-none-eabi/lib/thumb/v7-m/nofp\libc_nano.a(libc_a-findfp.o)
 .debug_frame   0x00000df0       0x34 C:/Users/62526/.eide/tools/gcc_arm/bin/../lib/gcc/arm-none-eabi/14.3.1/../../../../arm-none-eabi/lib/thumb/v7-m/nofp\libc_nano.a(libc_a-fwalk.o)
 .debug_frame   0x00000e24       0x6c C:/Users/62526/.eide/tools/gcc_arm/bin/../lib/gcc/arm-none-eabi/14.3.1/../../../../arm-none-eabi/lib/thumb/v7-m/nofp\libc_nano.a(libc_a-printf.o)
 .debug_frame   0x00000e90       0x3c C:/Users/62526/.eide/tools/gcc_arm/bin/../lib/gcc/arm-none-eabi/14.3.1/../../../../arm-none-eabi/lib/thumb/v7-m/nofp\libc_nano.a(libc_a-puts.o)
 .debug_frame   0x00000ecc       0x88 C:/Users/62526/.eide/tools/gcc_arm/bin/../lib/gcc/arm-none-eabi/14.3.1/../../../../arm-none-eabi/lib/thumb/v7-m/nofp\libc_nano.a(libc_a-stdio.o)
 .debug_frame   0x00000f54       0x40 C:/Users/62526/.eide/tools/gcc_arm/bin/../lib/gcc/arm-none-eabi/14.3.1/../../../../arm-none-eabi/lib/thumb/v7-m/nofp\libc_nano.a(libc_a-wbuf.o)
 .debug_frame   0x00000f94       0x2c C:/Users/62526/.eide/tools/gcc_arm/bin/../lib/gcc/arm-none-eabi/14.3.1/../../../../arm-none-eabi/lib/thumb/v7-m/nofp\libc_nano.a(libc_a-wsetup.o)
 .debug_frame   0x00000fc0       0x20 C:/Users/62526/.eide/tools/gcc_arm/bin/../lib/gcc/arm-none-eabi/14.3.1/../../../../arm-none-eabi/lib/thumb/v7-m/nofp\libc_nano.a(libc_a-memset.o)
 .debug_frame   0x00000fe0       0x2c C:/Users/62526/.eide/tools/gcc_arm/bin/../lib/gcc/arm-none-eabi/14.3.1/../../../../arm-none-eabi/lib/thumb/v7-m/nofp\libc_nano.a(libc_a-closer.o)
 .debug_frame   0x0000100c       0x38 C:/Users/62526/.eide/tools/gcc_arm/bin/../lib/gcc/arm-none-eabi/14.3.1/../../../../arm-none-eabi/lib/thumb/v7-m/nofp\libc_nano.a(libc_a-reent.o)
 .debug_frame   0x00001044       0x2c C:/Users/62526/.eide/tools/gcc_arm/bin/../lib/gcc/arm-none-eabi/14.3.1/../../../../arm-none-eabi/lib/thumb/v7-m/nofp\libc_nano.a(libc_a-lseekr.o)
 .debug_frame   0x00001070       0x2c C:/Users/62526/.eide/tools/gcc_arm/bin/../lib/gcc/arm-none-eabi/14.3.1/../../../../arm-none-eabi/lib/thumb/v7-m/nofp\libc_nano.a(libc_a-readr.o)
 .debug_frame   0x0000109c       0x2c C:/Users/62526/.eide/tools/gcc_arm/bin/../lib/gcc/arm-none-eabi/14.3.1/../../../../arm-none-eabi/lib/thumb/v7-m/nofp\libc_nano.a(libc_a-writer.o)
 .debug_frame   0x000010c8       0x2c C:/Users/62526/.eide/tools/gcc_arm/bin/../lib/gcc/arm-none-eabi/14.3.1/../../../../arm-none-eabi/lib/thumb/v7-m/nofp\libc_nano.a(libc_a-init.o)
 .debug_frame   0x000010f4       0xb0 C:/Users/62526/.eide/tools/gcc_arm/bin/../lib/gcc/arm-none-eabi/14.3.1/../../../../arm-none-eabi/lib/thumb/v7-m/nofp\libc_nano.a(libc_a-lock.o)
 .debug_frame   0x000011a4       0x38 C:/Users/62526/.eide/tools/gcc_arm/bin/../lib/gcc/arm-none-eabi/14.3.1/../../../../arm-none-eabi/lib/thumb/v7-m/nofp\libc_nano.a(libc_a-freer.o)
 .debug_frame   0x000011dc       0x50 C:/Users/62526/.eide/tools/gcc_arm/bin/../lib/gcc/arm-none-eabi/14.3.1/../../../../arm-none-eabi/lib/thumb/v7-m/nofp\libc_nano.a(libc_a-mallocr.o)
 .debug_frame   0x0000122c       0x30 C:/Users/62526/.eide/tools/gcc_arm/bin/../lib/gcc/arm-none-eabi/14.3.1/../../../../arm-none-eabi/lib/thumb/v7-m/nofp\libc_nano.a(libc_a-mlock.o)
 .debug_frame   0x0000125c       0xa8 C:/Users/62526/.eide/tools/gcc_arm/bin/../lib/gcc/arm-none-eabi/14.3.1/../../../../arm-none-eabi/lib/thumb/v7-m/nofp\libc_nano.a(libc_a-nano-vfprintf.o)
 .debug_frame   0x00001304       0x60 C:/Users/62526/.eide/tools/gcc_arm/bin/../lib/gcc/arm-none-eabi/14.3.1/../../../../arm-none-eabi/lib/thumb/v7-m/nofp\libc_nano.a(libc_a-nano-vfprintf_i.o)
 .debug_frame   0x00001364       0x5c C:/Users/62526/.eide/tools/gcc_arm/bin/../lib/gcc/arm-none-eabi/14.3.1/../../../../arm-none-eabi/lib/thumb/v7-m/nofp\libc_nano.a(libc_a-fflush.o)
 .debug_frame   0x000013c0       0x58 C:/Users/62526/.eide/tools/gcc_arm/bin/../lib/gcc/arm-none-eabi/14.3.1/../../../../arm-none-eabi/lib/thumb/v7-m/nofp\libc_nano.a(libc_a-makebuf.o)
 .debug_frame   0x00001418       0x2c C:/Users/62526/.eide/tools/gcc_arm/bin/../lib/gcc/arm-none-eabi/14.3.1/../../../../arm-none-eabi/lib/thumb/v7-m/nofp\libc_nano.a(libc_a-fstatr.o)
 .debug_frame   0x00001444       0x2c C:/Users/62526/.eide/tools/gcc_arm/bin/../lib/gcc/arm-none-eabi/14.3.1/../../../../arm-none-eabi/lib/thumb/v7-m/nofp\libc_nano.a(libc_a-isattyr.o)
 .debug_frame   0x00001470       0x2c C:/Users/62526/.eide/tools/gcc_arm/bin/../lib/gcc/arm-none-eabi/14.3.1/../../../../arm-none-eabi/lib/thumb/v7-m/nofp\libc_nano.a(libc_a-sbrkr.o)
 .debug_frame   0x0000149c       0x28 C:/Users/62526/.eide/tools/gcc_arm/bin/../lib/gcc/arm-none-eabi/14.3.1/../../../../arm-none-eabi/lib/thumb/v7-m/nofp\libc_nano.a(libc_a-memchr-stub.o)
 .debug_frame   0x000014c4       0x20 C:/Users/62526/.eide/tools/gcc_arm/bin/../lib/gcc/arm-none-eabi/14.3.1/../../../../arm-none-eabi/lib/thumb/v7-m/nofp\libnosys.a(close.o)
 .debug_frame   0x000014e4       0x20 C:/Users/62526/.eide/tools/gcc_arm/bin/../lib/gcc/arm-none-eabi/14.3.1/../../../../arm-none-eabi/lib/thumb/v7-m/nofp\libnosys.a(fstat.o)
 .debug_frame   0x00001504       0x20 C:/Users/62526/.eide/tools/gcc_arm/bin/../lib/gcc/arm-none-eabi/14.3.1/../../../../arm-none-eabi/lib/thumb/v7-m/nofp\libnosys.a(isatty.o)
 .debug_frame   0x00001524       0x20 C:/Users/62526/.eide/tools/gcc_arm/bin/../lib/gcc/arm-none-eabi/14.3.1/../../../../arm-none-eabi/lib/thumb/v7-m/nofp\libnosys.a(lseek.o)
 .debug_frame   0x00001544       0x20 C:/Users/62526/.eide/tools/gcc_arm/bin/../lib/gcc/arm-none-eabi/14.3.1/../../../../arm-none-eabi/lib/thumb/v7-m/nofp\libnosys.a(read.o)
 .debug_frame   0x00001564       0x20 C:/Users/62526/.eide/tools/gcc_arm/bin/../lib/gcc/arm-none-eabi/14.3.1/../../../../arm-none-eabi/lib/thumb/v7-m/nofp\libnosys.a(sbrk.o)

.debug_loclists
                0x00000000      0x3b2
 .debug_loclists
                0x00000000      0x135 ./build/Debug/.obj/src/LMK04832_Master/LMK04832_Drv.o
 .debug_loclists
                0x00000135      0x27d ./build/Debug/.obj/src/main.o

.debug_rnglists
                0x00000000       0x6e
 .debug_rnglists
                0x00000000       0x53 ./build/Debug/.obj/src/LMK04832_Master/LMK04832_Drv.o
 .debug_rnglists
                0x00000053       0x1b ./build/Debug/.obj/src/main.o
