--------------------------------------------------------------------------------
Release 14.7 Trace  (nt64)
Copyright (c) 1995-2013 Xilinx, Inc.  All rights reserved.

E:\Xilinx\14.7\ISE_DS\ISE\bin\nt64\unwrapped\trce.exe -intstyle ise -v 3 -s 2
-n 3 -fastpaths -xml CTRL_TOP.twx CTRL_TOP.ncd -o CTRL_TOP.twr CTRL_TOP.pcf
-ucf CTRL_TOP.ucf

Design file:              CTRL_TOP.ncd
Physical constraint file: CTRL_TOP.pcf
Device,package,speed:     xc6slx25,ftg256,C,-2 (PRODUCTION 1.23 2013-10-13)
Report level:             verbose report

Environment Variable      Effect 
--------------------      ------ 
NONE                      No environment variables were set
--------------------------------------------------------------------------------

INFO:Timing:2698 - No timing constraints found, doing default enumeration.
INFO:Timing:3412 - To improve timing, see the Timing Closure User Guide (UG612).
INFO:Timing:2752 - To get complete path coverage, use the unconstrained paths 
   option. All paths that are not constrained will be reported in the 
   unconstrained paths section(s) of the report.
INFO:Timing:3339 - The clock-to-out numbers in this timing report are based on 
   a 50 Ohm transmission line loading model.  For the details of this model, 
   and for more information on accounting for different loading conditions, 
   please see the device datasheet.



Data Sheet report:
-----------------
All values displayed in nanoseconds (ns)

Setup/Hold to clock CLK_SYS
------------+------------+------------+------------+------------+------------------+--------+
            |Max Setup to|  Process   |Max Hold to |  Process   |                  | Clock  |
Source      | clk (edge) |   Corner   | clk (edge) |   Corner   |Internal Clock(s) | Phase  |
------------+------------+------------+------------+------------+------------------+--------+
PLUG_IN     |    7.352(R)|      SLOW  |   -1.365(R)|      FAST  |clk               |   0.000|
TXD_HOST    |    1.514(R)|      SLOW  |   -0.111(R)|      SLOW  |clk               |   0.000|
------------+------------+------------+------------+------------+------------------+--------+

Setup/Hold to clock SPI_CLK
------------+------------+------------+------------+------------+------------------+--------+
            |Max Setup to|  Process   |Max Hold to |  Process   |                  | Clock  |
Source      | clk (edge) |   Corner   | clk (edge) |   Corner   |Internal Clock(s) | Phase  |
------------+------------+------------+------------+------------+------------------+--------+
SPI_DATA    |   -0.526(R)|      FAST  |    2.702(R)|      SLOW  |SPI_CLK_BUFGP     |   0.000|
SPI_LE      |   -0.105(R)|      FAST  |    3.173(R)|      SLOW  |SPI_CLK_BUFGP     |   0.000|
------------+------------+------------+------------+------------+------------------+--------+

Clock CLK_SYS to Pad
-------------------+-----------------+------------+-----------------+------------+------------------+--------+
                   |Max (slowest) clk|  Process   |Min (fastest) clk|  Process   |                  | Clock  |
Destination        |  (edge) to PAD  |   Corner   |  (edge) to PAD  |   Corner   |Internal Clock(s) | Phase  |
-------------------+-----------------+------------+-----------------+------------+------------------+--------+
RX_B1_DSA<0>       |        10.175(R)|      SLOW  |         4.625(R)|      FAST  |clk               |   0.000|
RX_B1_DSA<1>       |        10.228(R)|      SLOW  |         4.649(R)|      FAST  |clk               |   0.000|
RX_B1_DSA<2>       |        11.354(R)|      SLOW  |         5.280(R)|      FAST  |clk               |   0.000|
RX_B1_DSA<3>       |        11.739(R)|      SLOW  |         5.471(R)|      FAST  |clk               |   0.000|
RX_B1_DSA<4>       |        11.821(R)|      SLOW  |         5.479(R)|      FAST  |clk               |   0.000|
RX_B1_DSA<5>       |        10.890(R)|      SLOW  |         4.966(R)|      FAST  |clk               |   0.000|
RX_B1_LE<0>        |        10.031(R)|      SLOW  |         4.537(R)|      FAST  |clk               |   0.000|
RX_B1_LE<1>        |         9.897(R)|      SLOW  |         4.449(R)|      FAST  |clk               |   0.000|
RX_B1_LE<2>        |        10.560(R)|      SLOW  |         4.842(R)|      FAST  |clk               |   0.000|
RX_B1_LE<3>        |        10.894(R)|      SLOW  |         5.014(R)|      FAST  |clk               |   0.000|
RX_B1_LNA_BYPASS<0>|        11.509(R)|      SLOW  |         5.329(R)|      FAST  |clk               |   0.000|
RX_B1_LNA_BYPASS<1>|        11.706(R)|      SLOW  |         5.494(R)|      FAST  |clk               |   0.000|
RX_B1_LNA_BYPASS<2>|        11.372(R)|      SLOW  |         5.284(R)|      FAST  |clk               |   0.000|
RX_B1_LNA_BYPASS<3>|        11.798(R)|      SLOW  |         5.510(R)|      FAST  |clk               |   0.000|
RX_LED             |        12.426(R)|      SLOW  |         5.794(R)|      FAST  |clk               |   0.000|
RX_ON_B1           |        13.026(R)|      SLOW  |         6.173(R)|      FAST  |clk               |   0.000|
TX_B1_DSA<0>       |        10.532(R)|      SLOW  |         4.777(R)|      FAST  |clk               |   0.000|
TX_B1_DSA<1>       |        10.585(R)|      SLOW  |         4.800(R)|      FAST  |clk               |   0.000|
TX_B1_DSA<2>       |        11.049(R)|      SLOW  |         5.126(R)|      FAST  |clk               |   0.000|
TX_B1_DSA<3>       |        11.043(R)|      SLOW  |         5.040(R)|      FAST  |clk               |   0.000|
TX_B1_DSA<4>       |        10.718(R)|      SLOW  |         4.871(R)|      FAST  |clk               |   0.000|
TX_B1_DSA<5>       |        10.901(R)|      SLOW  |         4.968(R)|      FAST  |clk               |   0.000|
TX_B1_LE<0>        |        11.598(R)|      SLOW  |         5.401(R)|      FAST  |clk               |   0.000|
TX_B1_LE<1>        |        11.588(R)|      SLOW  |         5.391(R)|      FAST  |clk               |   0.000|
TX_B1_LE<2>        |        10.707(R)|      SLOW  |         4.936(R)|      FAST  |clk               |   0.000|
TX_B1_LE<3>        |        11.431(R)|      SLOW  |         5.342(R)|      FAST  |clk               |   0.000|
TX_LED             |        12.649(R)|      SLOW  |         5.938(R)|      FAST  |clk               |   0.000|
TX_ON_B1           |        13.110(R)|      SLOW  |         6.213(R)|      FAST  |clk               |   0.000|
-------------------+-----------------+------------+-----------------+------------+------------------+--------+

Clock to Setup on destination clock CLK_SYS
---------------+---------+---------+---------+---------+
               | Src:Rise| Src:Fall| Src:Rise| Src:Fall|
Source Clock   |Dest:Rise|Dest:Rise|Dest:Fall|Dest:Fall|
---------------+---------+---------+---------+---------+
CLK_SYS        |    6.611|         |         |         |
SPI_CLK        |    6.684|         |         |         |
---------------+---------+---------+---------+---------+

Clock to Setup on destination clock SPI_CLK
---------------+---------+---------+---------+---------+
               | Src:Rise| Src:Fall| Src:Rise| Src:Fall|
Source Clock   |Dest:Rise|Dest:Rise|Dest:Fall|Dest:Fall|
---------------+---------+---------+---------+---------+
SPI_CLK        |    2.688|         |         |         |
---------------+---------+---------+---------+---------+

Pad to Pad
---------------+---------------+---------+
Source Pad     |Destination Pad|  Delay  |
---------------+---------------+---------+
PLUG_IN        |RX_LED         |   13.767|
PLUG_IN        |RX_ON_B1       |   14.367|
PLUG_IN        |TX_LED         |   14.091|
PLUG_IN        |TX_ON_B1       |   14.552|
RX_ON          |RX_LED         |   12.962|
RX_ON          |RX_ON_B1       |   13.562|
RX_ON          |TX_LED         |   13.286|
RX_ON          |TX_ON_B1       |   13.747|
TX_ON          |RX_LED         |   12.817|
TX_ON          |RX_ON_B1       |   13.417|
TX_ON          |TX_LED         |   13.141|
TX_ON          |TX_ON_B1       |   13.602|
---------------+---------------+---------+


Analysis completed Tue Mar 18 14:22:04 2025 
--------------------------------------------------------------------------------

Trace Settings:
-------------------------
Trace Settings 

Peak Memory Usage: 4598 MB



